Last login: Mon Nov 24 21:37:03 on ttys000
Rebeccas-MBP:~ rebeccamills$ ls
Desktop		Library		Pictures	my_feature.txt
Documents	Movies		Public		sites
Downloads	Music		Rebecca
Rebeccas-MBP:~ rebeccamills$ cd sites
Rebeccas-MBP:sites rebeccamills$ cd wdidc4-hw
Rebeccas-MBP:wdidc4-hw rebeccamills$ git pull upstream master
You have not concluded your merge (MERGE_HEAD exists).
Please, commit your changes before you can merge.
Rebeccas-MBP:wdidc4-hw rebeccamills$ git commit -m "Submitting homework.rb"
[w01 49382ea] Submitting homework.rb
Rebeccas-MBP:wdidc4-hw rebeccamills$ git pull upstream master
From github.com:ga-students/wdidc4-hw
 * branch            master     -> FETCH_HEAD
Already up-to-date.
Rebeccas-MBP:wdidc4-hw rebeccamills$ git checkout -b w02
fatal: A branch named 'w02' already exists.
Rebeccas-MBP:wdidc4-hw rebeccamills$ git checkout w02
Switched to branch 'w02'
Rebeccas-MBP:wdidc4-hw rebeccamills$ git merge master
Already up-to-date.
Rebeccas-MBP:wdidc4-hw rebeccamills$ git add .
Rebeccas-MBP:wdidc4-hw rebeccamills$ git commit -m "Completed w02 d01 homework"
On branch w02
nothing to commit, working directory clean
Rebeccas-MBP:wdidc4-hw rebeccamills$ git push origin w02
Everything up-to-date
Rebeccas-MBP:wdidc4-hw rebeccamills$ git status
On branch w02
nothing to commit, working directory clean
Rebeccas-MBP:wdidc4-hw rebeccamills$ git commit
On branch w02
nothing to commit, working directory clean
Rebeccas-MBP:wdidc4-hw rebeccamills$ git master
git: 'master' is not a git command. See 'git --help'.
Rebeccas-MBP:wdidc4-hw rebeccamills$ master
-bash: master: command not found
Rebeccas-MBP:wdidc4-hw rebeccamills$ cd master
-bash: cd: master: No such file or directory
Rebeccas-MBP:wdidc4-hw rebeccamills$ git pull
There is no tracking information for the current branch.
Please specify which branch you want to merge with.
See git-pull(1) for details

    git pull <remote> <branch>

If you wish to set tracking information for this branch you can do so with:

    git branch --set-upstream-to=<remote>/<branch> w02

Rebeccas-MBP:wdidc4-hw rebeccamills$ pull upstream master
-bash: pull: command not found
Rebeccas-MBP:wdidc4-hw rebeccamills$ ls
assignments	students
Rebeccas-MBP:wdidc4-hw rebeccamills$ cd students
Rebeccas-MBP:students rebeccamills$ cd rebecca
Rebeccas-MBP:rebecca rebeccamills$ ls
w01	w03	w05	w07	w09	w11
w02	w04	w06	w08	w10	w12
Rebeccas-MBP:rebecca rebeccamills$ cd w02
Rebeccas-MBP:w02 rebeccamills$ ls
d01	d02	d03	d04	d05
Rebeccas-MBP:w02 rebeccamills$ cd d01
Rebeccas-MBP:d01 rebeccamills$ ls
homework.rb
Rebeccas-MBP:d01 rebeccamills$ pull upstream master rebeccamills
-bash: pull: command not found
Rebeccas-MBP:d01 rebeccamills$ cd ..
Rebeccas-MBP:w02 rebeccamills$ ls
d01	d02	d03	d04	d05
Rebeccas-MBP:w02 rebeccamills$ cd ..
Rebeccas-MBP:rebecca rebeccamills$ cd ..
Rebeccas-MBP:students rebeccamills$ ls
akintola	andy_k		emily		kurt		rebecca
alex_b		andy_l		ian		matt_c		sherry
alex_r		aurora		jack		matt_l		sunggyun
alison_m	austin		james		min		trey
alison_t	danny		kadar		mo		weston
Rebeccas-MBP:students rebeccamills$ cd ..
Rebeccas-MBP:wdidc4-hw rebeccamills$ ls
assignments	students
Rebeccas-MBP:wdidc4-hw rebeccamills$ cd ..
Rebeccas-MBP:sites rebeccamills$ ls
air_conditioning.rb		pyramid.rb
conditionals.rb			searching_for_obi_wan.rb
haiku				wdidc4
location.rb			wdidc4-hw
logic.rb
Rebeccas-MBP:sites rebeccamills$ cd wdidc4-hw
Rebeccas-MBP:wdidc4-hw rebeccamills$ pull upstream master
-bash: pull: command not found
Rebeccas-MBP:wdidc4-hw rebeccamills$ pull upsteam master rebeccamills
-bash: pull: command not found
Rebeccas-MBP:wdidc4-hw rebeccamills$ git merge master
Already up-to-date.
Rebeccas-MBP:wdidc4-hw rebeccamills$ git push origin w02
Everything up-to-date
Rebeccas-MBP:wdidc4-hw rebeccamills$ pull upstream
-bash: pull: command not found
Rebeccas-MBP:wdidc4-hw rebeccamills$ git checkout w02
Already on 'w02'
Rebeccas-MBP:wdidc4-hw rebeccamills$ git merge master
Already up-to-date.
Rebeccas-MBP:wdidc4-hw rebeccamills$ git add .
Rebeccas-MBP:wdidc4-hw rebeccamills$ git commit -m "Completed w02 d01 homework"
On branch w02
nothing to commit, working directory clean
Rebeccas-MBP:wdidc4-hw rebeccamills$  git push origin w02
Everything up-to-date
Rebeccas-MBP:wdidc4-hw rebeccamills$ ls
assignments	students
Rebeccas-MBP:wdidc4-hw rebeccamills$ cd students
Rebeccas-MBP:students rebeccamills$ ls
akintola	andy_k		emily		kurt		rebecca
alex_b		andy_l		ian		matt_c		sherry
alex_r		aurora		jack		matt_l		sunggyun
alison_m	austin		james		min		trey
alison_t	danny		kadar		mo		weston
Rebeccas-MBP:students rebeccamills$ cd rebecca
Rebeccas-MBP:rebecca rebeccamills$ ls
w01	w03	w05	w07	w09	w11
w02	w04	w06	w08	w10	w12
Rebeccas-MBP:rebecca rebeccamills$ cd w02
Rebeccas-MBP:w02 rebeccamills$ cd d01
Rebeccas-MBP:d01 rebeccamills$ git branch
  master
  w01
* w02
Rebeccas-MBP:d01 rebeccamills$ git remote -v
origin	git@github.com:rebeccamills/wdidc4-hw.git (fetch)
origin	git@github.com:rebeccamills/wdidc4-hw.git (push)
upstream	git@github.com:ga-students/wdidc4-hw.git (fetch)
upstream	git@github.com:ga-students/wdidc4-hw.git (push)
Rebeccas-MBP:d01 rebeccamills$ git remote
origin
upstream
Rebeccas-MBP:d01 rebeccamills$ git add .
Rebeccas-MBP:d01 rebeccamills$ git commit -m  "submit"
On branch w02
nothing to commit, working directory clean
Rebeccas-MBP:d01 rebeccamills$ git push origin w02
Everything up-to-date
Rebeccas-MBP:d01 rebeccamills$ ls
homework.rb
Rebeccas-MBP:d01 rebeccamills$ cd ..
Rebeccas-MBP:w02 rebeccamills$ ls
d01	d02	d03	d04	d05
Rebeccas-MBP:w02 rebeccamills$ cd ..
Rebeccas-MBP:rebecca rebeccamills$ ls
w01	w03	w05	w07	w09	w11
w02	w04	w06	w08	w10	w12
Rebeccas-MBP:rebecca rebeccamills$ cd ..
Rebeccas-MBP:students rebeccamills$ ls
akintola	andy_k		emily		kurt		rebecca
alex_b		andy_l		ian		matt_c		sherry
alex_r		aurora		jack		matt_l		sunggyun
alison_m	austin		james		min		trey
alison_t	danny		kadar		mo		weston
Rebeccas-MBP:students rebeccamills$ cd ..
Rebeccas-MBP:wdidc4-hw rebeccamills$ ls
assignments	students
Rebeccas-MBP:wdidc4-hw rebeccamills$ cd ..
Rebeccas-MBP:sites rebeccamills$ ls
air_conditioning.rb		pyramid.rb
conditionals.rb			searching_for_obi_wan.rb
haiku				wdidc4
location.rb			wdidc4-hw
logic.rb
Rebeccas-MBP:sites rebeccamills$ cd wdidc4
Rebeccas-MBP:wdidc4 rebeccamills$ ls
readme.md	ruby		student.rb	w01		w02
Rebeccas-MBP:wdidc4 rebeccamills$ cd w02
Rebeccas-MBP:w02 rebeccamills$ ls
chair.rb		objects_practice.rb	student.rb
d01			readme.md
Rebeccas-MBP:w02 rebeccamills$ touch teeswag.rb
Rebeccas-MBP:w02 rebeccamills$ subl .
Rebeccas-MBP:w02 rebeccamills$ ls
chair.rb		objects_practice.rb	student.rb
d01			readme.md		teeswag.rb
Rebeccas-MBP:w02 rebeccamills$ cd ..
Rebeccas-MBP:wdidc4 rebeccamills$ ls
readme.md	ruby		student.rb	w01		w02
Rebeccas-MBP:wdidc4 rebeccamills$ cd ..
Rebeccas-MBP:sites rebeccamills$ ls
air_conditioning.rb		pyramid.rb
conditionals.rb			searching_for_obi_wan.rb
haiku				wdidc4
location.rb			wdidc4-hw
logic.rb
Rebeccas-MBP:sites rebeccamills$ cd wdidc4
Rebeccas-MBP:wdidc4 rebeccamills$ ls
readme.md	ruby		student.rb	w01		w02
Rebeccas-MBP:wdidc4 rebeccamills$ cd w02
Rebeccas-MBP:w02 rebeccamills$ ls
chair.rb		objects_practice.rb	student.rb
d01			readme.md		teeswag.rb
Rebeccas-MBP:w02 rebeccamills$ ls
chair.rb		readme.md		teeswag.rb
d01			robots.rb
objects_practice.rb	student.rb
Rebeccas-MBP:w02 rebeccamills$ ruby robots.rb
Hello .. I am .. Marvin
Sir, it's quite possible this asteroid is not entirely stable.
Bite my shiny metal butt.
Rebeccas-MBP:w02 rebeccamills$ ls
chair.rb		readme.md		teeswag.rb
d01			robots.rb
objects_practice.rb	student.rb
Rebeccas-MBP:w02 rebeccamills$ cd ..
Rebeccas-MBP:wdidc4 rebeccamills$ ls
readme.md	ruby		student.rb	w01		w02
Rebeccas-MBP:wdidc4 rebeccamills$ cd ..
Rebeccas-MBP:sites rebeccamills$ ls
air_conditioning.rb		pyramid.rb
conditionals.rb			searching_for_obi_wan.rb
haiku				wdidc4
location.rb			wdidc4-hw
logic.rb
Rebeccas-MBP:sites rebeccamills$ cd wdidc4-hw
Rebeccas-MBP:wdidc4-hw rebeccamills$ ls
assignments	students
Rebeccas-MBP:wdidc4-hw rebeccamills$ cd assignments
Rebeccas-MBP:assignments rebeccamills$ cd w02
Rebeccas-MBP:w02 rebeccamills$ cd d01
Rebeccas-MBP:d01 rebeccamills$ ls
Rebeccas-MBP:d01 rebeccamills$ cd ..
Rebeccas-MBP:w02 rebeccamills$ ls
d01	d02	d03	d04	d05
Rebeccas-MBP:w02 rebeccamills$ cd ..
Rebeccas-MBP:assignments rebeccamills$ ls
w01	w03	w05	w07	w09	w11
w02	w04	w06	w08	w10	w12
Rebeccas-MBP:assignments rebeccamills$ cd ..
Rebeccas-MBP:wdidc4-hw rebeccamills$ ls
assignments	students
Rebeccas-MBP:wdidc4-hw rebeccamills$ cd students
Rebeccas-MBP:students rebeccamills$ ls
akintola	andy_k		emily		kurt		rebecca
alex_b		andy_l		ian		matt_c		sherry
alex_r		aurora		jack		matt_l		sunggyun
alison_m	austin		james		min		trey
alison_t	danny		kadar		mo		weston
Rebeccas-MBP:students rebeccamills$ cd rebecca
Rebeccas-MBP:rebecca rebeccamills$ ls
w01	w03	w05	w07	w09	w11
w02	w04	w06	w08	w10	w12
Rebeccas-MBP:rebecca rebeccamills$ cd w02
Rebeccas-MBP:w02 rebeccamills$ ls
d01	d02	d03	d04	d05
Rebeccas-MBP:w02 rebeccamills$ cd d02
Rebeccas-MBP:d02 rebeccamills$ cd d01
-bash: cd: d01: No such file or directory
Rebeccas-MBP:d02 rebeccamills$ cd .
Rebeccas-MBP:d02 rebeccamills$ cd ..
Rebeccas-MBP:w02 rebeccamills$ cd ..
Rebeccas-MBP:rebecca rebeccamills$ ls
w01	w03	w05	w07	w09	w11
w02	w04	w06	w08	w10	w12
Rebeccas-MBP:rebecca rebeccamills$ cd ..
Rebeccas-MBP:students rebeccamills$ ls
akintola	andy_k		emily		kurt		rebecca
alex_b		andy_l		ian		matt_c		sherry
alex_r		aurora		jack		matt_l		sunggyun
alison_m	austin		james		min		trey
alison_t	danny		kadar		mo		weston
Rebeccas-MBP:students rebeccamills$ cd ..
Rebeccas-MBP:wdidc4-hw rebeccamills$ cd ..
Rebeccas-MBP:sites rebeccamills$ ls
air_conditioning.rb		pyramid.rb
conditionals.rb			searching_for_obi_wan.rb
haiku				wdidc4
location.rb			wdidc4-hw
logic.rb
Rebeccas-MBP:sites rebeccamills$ cd wdidc4-hw
Rebeccas-MBP:wdidc4-hw rebeccamills$ ls
assignments	students
Rebeccas-MBP:wdidc4-hw rebeccamills$ cd students
Rebeccas-MBP:students rebeccamills$ cd rebecca
Rebeccas-MBP:rebecca rebeccamills$ cd w02
Rebeccas-MBP:w02 rebeccamills$ cd d01
Rebeccas-MBP:d01 rebeccamills$ ls
homework.rb
Rebeccas-MBP:d01 rebeccamills$ ruby homework.rb
homework.rb:36: syntax error, unexpected tINTEGER, expecting keyword_do or '{' or '('
homework.rb:41: syntax error, unexpected '[', expecting ';' or '\n'
def student [students]
             ^
homework.rb:45: syntax error, unexpected '[', expecting ';' or '\n'
def instructor [instructors]
                ^
homework.rb:53: syntax error, unexpected end-of-input, expecting keyword_end
Rebeccas-MBP:d01 rebeccamills$ ls
homework.rb
Rebeccas-MBP:d01 rebeccamills$ cd ..
Rebeccas-MBP:w02 rebeccamills$ ls
d01	d02	d03	d04	d05
Rebeccas-MBP:w02 rebeccamills$ cd ..
Rebeccas-MBP:rebecca rebeccamills$ ls
w01	w03	w05	w07	w09	w11
w02	w04	w06	w08	w10	w12
Rebeccas-MBP:rebecca rebeccamills$ cd ..
Rebeccas-MBP:students rebeccamills$ ls
akintola	andy_k		emily		kurt		rebecca
alex_b		andy_l		ian		matt_c		sherry
alex_r		aurora		jack		matt_l		sunggyun
alison_m	austin		james		min		trey
alison_t	danny		kadar		mo		weston
Rebeccas-MBP:students rebeccamills$ cd ..
Rebeccas-MBP:wdidc4-hw rebeccamills$ ls
assignments	students
Rebeccas-MBP:wdidc4-hw rebeccamills$ cd ..
Rebeccas-MBP:sites rebeccamills$ ls
air_conditioning.rb		pyramid.rb
conditionals.rb			searching_for_obi_wan.rb
haiku				wdidc4
location.rb			wdidc4-hw
logic.rb
Rebeccas-MBP:sites rebeccamills$ cd wdidc4
Rebeccas-MBP:wdidc4 rebeccamills$ ls
readme.md	ruby		student.rb	w01		w02
Rebeccas-MBP:wdidc4 rebeccamills$ cd w02
Rebeccas-MBP:w02 rebeccamills$ ls
chair.rb		readme.md		teeswag.rb
d01			robots.rb		untitled folder
objects_practice.rb	student.rb
Rebeccas-MBP:w02 rebeccamills$ cd untitled folder
-bash: cd: untitled: No such file or directory
Rebeccas-MBP:w02 rebeccamills$ ls
chair.rb		objects_practice.rb	student.rb
class Corgi.rb		readme.md		teeswag.rb
d01			robots.rb		untitled folder
Rebeccas-MBP:w02 rebeccamills$ ls
adopt_a_dog.rb		objects_practice.rb	teeswag.rb
chair.rb		readme.md		untitled folder
class Corgi.rb		robots.rb
d01			student.rb
Rebeccas-MBP:w02 rebeccamills$ ruby adopt_a_dog.rb
adopt_a_dog.rb:1:in `require_relative': cannot load such file -- /Users/rebeccamills/Sites/wdidc4/w02/corgi.rb (LoadError)
	from adopt_a_dog.rb:1:in `<main>'
Rebeccas-MBP:w02 rebeccamills$ ls
chair.rb	d01		doberman	readme.md	student.rb
class Corgi.rb	d02		flowers.rb	robots.rb	teeswag.rb
Rebeccas-MBP:w02 rebeccamills$ ruby flowers.rb
flowers.rb:12: syntax error, unexpected keyword_end
flowers.rb:19: syntax error, unexpected end-of-input, expecting keyword_end
flour = Flower.new('tulip', 'grey')
                                   ^
Rebeccas-MBP:w02 rebeccamills$ ruby flowers.rb
flowers.rb:12: syntax error, unexpected keyword_end
Rebeccas-MBP:w02 rebeccamills$ ruby flowers.rb
flowers.rb:12: syntax error, unexpected keyword_end
Rebeccas-MBP:w02 rebeccamills$ ruby flowers.rb
flowers.rb:12: syntax error, unexpected keyword_end
Rebeccas-MBP:w02 rebeccamills$ ruby flowers.rb
flowers.rb:12: syntax error, unexpected keyword_end
flowers.rb:17: syntax error, unexpected end-of-input, expecting keyword_end
Rebeccas-MBP:w02 rebeccamills$ ruby flowers.rb
flowers.rb:12: syntax error, unexpected keyword_end
Rebeccas-MBP:w02 rebeccamills$ ruby flowers.rb
flowers.rb:12: syntax error, unexpected keyword_end
Rebeccas-MBP:w02 rebeccamills$ ruby flowers.rb
flowers.rb:12: syntax error, unexpected keyword_end
flowers.rb:16: syntax error, unexpected end-of-input, expecting keyword_end
green_rose.color
                ^
Rebeccas-MBP:w02 rebeccamills$ ls
chair.rb	d01		doberman	readme.md	student.rb
class Corgi.rb	d02		flowers.rb	robots.rb	teeswag.rb
Rebeccas-MBP:w02 rebeccamills$ cd d02
Rebeccas-MBP:d02 rebeccamills$ ls
adopt_a_dog.rb		dog.rb			yellowlab.rb
corgi.rb		flowers
doberman.rb		objects_practice.rb
Rebeccas-MBP:d02 rebeccamills$ mkdir shopping_list
Rebeccas-MBP:d02 rebeccamills$ subl .
Rebeccas-MBP:d02 rebeccamills$ ls
adopt_a_dog.rb		dog.rb			shopping_list
corgi.rb		flowers			yellowlab.rb
doberman.rb		objects_practice.rb
Rebeccas-MBP:d02 rebeccamills$ cd shopping_list
Rebeccas-MBP:shopping_list rebeccamills$ touch shopping_list_main.rb
Rebeccas-MBP:shopping_list rebeccamills$ subl .
Rebeccas-MBP:shopping_list rebeccamills$ ls
shopping_list_main.rb
Rebeccas-MBP:shopping_list rebeccamills$ cd ..
Rebeccas-MBP:d02 rebeccamills$ ls
adopt_a_dog.rb		dog.rb			shopping_list
corgi.rb		flowers			yellowlab.rb
doberman.rb		objects_practice.rb
Rebeccas-MBP:d02 rebeccamills$ cd flowers
Rebeccas-MBP:flowers rebeccamills$ ls
flowers.rb	rose.rb		tulip.rb	zinnia.rb
Rebeccas-MBP:flowers rebeccamills$ ruby flowers.rb
flowers.rb:47: class definition in method body
flowers.rb:61: syntax error, unexpected keyword_end
flowers.rb:68: syntax error, unexpected end-of-input, expecting keyword_end
flour = Flower.new('tulip', 'grey')
                                   ^
Rebeccas-MBP:flowers rebeccamills$ ruby flowers.rb
flowers.rb:47: class definition in method body
flowers.rb:61: syntax error, unexpected keyword_end
flowers.rb:68: syntax error, unexpected end-of-input, expecting keyword_end
flour = Flower.new('tulip', 'grey')
                                   ^
Rebeccas-MBP:flowers rebeccamills$ pwd
/Users/rebeccamills/sites/wdidc4/w02/d02/flowers
Rebeccas-MBP:flowers rebeccamills$ open .
Rebeccas-MBP:flowers rebeccamills$ open .cd ..
The file /Users/rebeccamills/Sites/wdidc4/w02/d02/flowers/.cd does not exist.
Rebeccas-MBP:flowers rebeccamills$ cd ..
Rebeccas-MBP:d02 rebeccamills$ cd flowers
Rebeccas-MBP:flowers rebeccamills$ ruby flowers.rb
flowers.rb:47: class definition in method body
flowers.rb:61: syntax error, unexpected keyword_end
flowers.rb:68: syntax error, unexpected end-of-input, expecting keyword_end
flour = Flower.new('tulip', 'grey')
                                   ^
Rebeccas-MBP:flowers rebeccamills$ subl .
Rebeccas-MBP:flowers rebeccamills$ ruby flowers.rb
flowers.rb:7: syntax error, unexpected keyword_end
flowers.rb:14: syntax error, unexpected end-of-input, expecting keyword_end
flour = Flower.new('tulip', 'grey')
                                   ^
Rebeccas-MBP:flowers rebeccamills$ cd ..
Rebeccas-MBP:d02 rebeccamills$ ls
adopt_a_dog.rb		dog.rb			shopping_list
corgi.rb		flowers			yellowlab.rb
doberman.rb		objects_practice.rb
Rebeccas-MBP:d02 rebeccamills$ cd ..
Rebeccas-MBP:w02 rebeccamills$ cd ..
Rebeccas-MBP:wdidc4 rebeccamills$ ls
readme.md	ruby		student.rb	w01		w02
Rebeccas-MBP:wdidc4 rebeccamills$ cd .
Rebeccas-MBP:wdidc4 rebeccamills$ cd..
-bash: cd..: command not found
Rebeccas-MBP:wdidc4 rebeccamills$ cd ..
Rebeccas-MBP:sites rebeccamills$ ls
air_conditioning.rb		pyramid.rb
conditionals.rb			searching_for_obi_wan.rb
haiku				wdidc4
location.rb			wdidc4-hw
logic.rb
Rebeccas-MBP:sites rebeccamills$ cd wdidc4-hw
Rebeccas-MBP:wdidc4-hw rebeccamills$ cd assignments
Rebeccas-MBP:assignments rebeccamills$ cd w02
Rebeccas-MBP:w02 rebeccamills$ cd d02
Rebeccas-MBP:d02 rebeccamills$ ls
Rebeccas-MBP:d02 rebeccamills$ ls
Rebeccas-MBP:d02 rebeccamills$ touch self_and_sort.rb
Rebeccas-MBP:d02 rebeccamills$ subl .
Rebeccas-MBP:d02 rebeccamills$ pry
[1] pry(main)> Utopia
NameError: uninitialized constant Utopia
from (pry):1:in `__pry__'
[2] pry(main)> class Utopia
[2] pry(main)* end  
=> nil
[3] pry(main)> madison = Utopia.new
=> #<Utopia:0x007fcc841233d0>
[4] pry(main)> class Utopia
[4] pry(main)*   def initialize(name)  
[4] pry(main)*     @name = name    
[4] pry(main)*   end    
[4] pry(main)*   
[4] pry(main)*   def name  
[4] pry(main)*     @name    
[4] pry(main)*   end    
[4] pry(main)*   
[4] pry(main)*   def name  
[4] pry(main)*     @name    
[4] pry(main)*   end    
[4] pry(main)*   
[4] pry(main)*   def self.define  
[4] pry(main)*         puts "I am the bodiless notion of a near-perfect society.[4] pry(main)*     puts "I am the bodiless notion of a near-perfect society."   [4] pry(main)*     return self    
[4] pry(main)*   end    
[4] pry(main)*   
[4] pry(main)*   def define  
[4] pry(main)*     puts "I am #{name}, a tangible society that you can reach out and touch in which everyone is content."     
[4] pry(main)*     return self    
[4] pry(main)*   end    
[4] pry(main)*   
[4] pry(main)*   def say_hello  
[4] pry(main)*     self.define    
[4] pry(main)*   end    
[4] pry(main)*   
[4] pry(main)*   def say_hello_again  
[4] pry(main)*     define    
[4] pry(main)*   end    
[4] pry(main)* end  
=> nil
[5] pry(main)> madison = Utopia.new
ArgumentError: wrong number of arguments (0 for 1)
from (pry):6:in `initialize'
[6] pry(main)> madison = Utopia.new('madison')
=> #<Utopia:0x007fcc84343520 @name="madison">
[7] pry(main)> Utopia.define
I am the bodiless notion of a near-perfect society.
=> Utopia
[8] pry(main)> madison.define
I am madison, a tangible society that you can reach out and touch in which everyone is content.
=> #<Utopia:0x007fcc84343520 @name="madison">
[9] pry(main)> madison.say_hello
I am madison, a tangible society that you can reach out and touch in which everyone is content.
=> #<Utopia:0x007fcc84343520 @name="madison">
[10] pry(main)> madison.say_hello_again
I am madison, a tangible society that you can reach out and touch in which everyone is content.
=> #<Utopia:0x007fcc84343520 @name="madison">
[11] pry(main)> Utopia.define
I am the bodiless notion of a near-perfect society.
=> Utopia
[12] pry(main)> Utopia.say_hello
NoMethodError: undefined method `say_hello' for Utopia:Class
from (pry):43:in `__pry__'
[13] pry(main)> Utopia.say_hello_again
NoMethodError: undefined method `say_hello_again' for Utopia:Class
from (pry):44:in `__pry__'
[14] pry(main)> random_animals
NameError: undefined local variable or method `random_animals' for main:Object
from (pry):45:in `__pry__'
[15] pry(main)> random_animals = []
=> []
[16] pry(main)> days_of_the_week << "Monday"
NameError: undefined local variable or method `days_of_the_week' for main:Object
from (pry):47:in `__pry__'
[17] pry(main)> 
[18] pry(main)> => ["Monday"]
SyntaxError: unexpected =>, expecting end-of-input
=> ["Monday"]
  ^
[18] pry(main)> days_of_the_week << "Monday"
NameError: undefined local variable or method `days_of_the_week' for main:Object
from (pry):48:in `__pry__'
[19] pry(main)> 
[20] pry(main)> => ["Monday"]
SyntaxError: unexpected =>, expecting end-of-input
=> ["Monday"]
  ^
[20] pry(main)> random_animals << "porpoise"
=> ["porpoise"]
[21] pry(main)> random_animals << "porpoise", "camel", "lobster", "kangaroo", "wombat", "chameleon"
SyntaxError: unexpected ',', expecting end-of-input
random_animals << "porpoise", "camel", "lobster", "kangaro...
                             ^
[21] pry(main)> random_animals
=> ["porpoise"]
[22] pry(main)> a= [1,2,3,4]
=> [1, 2, 3, 4]
[23] pry(main)> b = ["andy", "bob", "tom", "chris"]
=> ["andy", "bob", "tom", "chris"]
[24] pry(main)> b
=> ["andy", "bob", "tom", "chris"]
[25] pry(main)> random_animals = ["porpoise", "camel", "lobster", "kangaroo", "wombat", "chameleon"]
=> ["porpoise", "camel", "lobster", "kangaroo", "wombat", "chameleon"]
[26] pry(main)> quit
Rebeccas-MBP:d02 rebeccamills$ cd sites
-bash: cd: sites: No such file or directory
Rebeccas-MBP:d02 rebeccamills$ cd ..
Rebeccas-MBP:w02 rebeccamills$ cd ..
Rebeccas-MBP:assignments rebeccamills$ ls
w01	w03	w05	w07	w09	w11
w02	w04	w06	w08	w10	w12
Rebeccas-MBP:assignments rebeccamills$ cd ..
Rebeccas-MBP:wdidc4-hw rebeccamills$ ls
assignments	students
Rebeccas-MBP:wdidc4-hw rebeccamills$ cd ..
Rebeccas-MBP:sites rebeccamills$ ls
air_conditioning.rb		pyramid.rb
conditionals.rb			searching_for_obi_wan.rb
haiku				wdidc4
location.rb			wdidc4-hw
logic.rb
Rebeccas-MBP:sites rebeccamills$ cd wdidc4-hw
Rebeccas-MBP:wdidc4-hw rebeccamills$ git add
Nothing specified, nothing added.
Maybe you wanted to say 'git add .'?
Rebeccas-MBP:wdidc4-hw rebeccamills$ git add .
Rebeccas-MBP:wdidc4-hw rebeccamills$ git commit
error: There was a problem with the editor 'vi'.
Please supply the message using either -m or -F option.
Rebeccas-MBP:wdidc4-hw rebeccamills$ ls
assignments	students
Rebeccas-MBP:wdidc4-hw rebeccamills$ cd students
Rebeccas-MBP:students rebeccamills$ cd rebecca
Rebeccas-MBP:rebecca rebeccamills$ ls
w01	w03	w05	w07	w09	w11
w02	w04	w06	w08	w10	w12
Rebeccas-MBP:rebecca rebeccamills$ cd w02
Rebeccas-MBP:w02 rebeccamills$ ls
d01	d02	d03	d04	d05
Rebeccas-MBP:w02 rebeccamills$ cd d02
Rebeccas-MBP:d02 rebeccamills$ ls
Rebeccas-MBP:d02 rebeccamills$ ruby self_and_sort.rb
ruby: No such file or directory -- self_and_sort.rb (LoadError)
Rebeccas-MBP:d02 rebeccamills$ ls
self_and_sort.rb
Rebeccas-MBP:d02 rebeccamills$ git pull upstream master
remote: Counting objects: 141, done.
remote: Compressing objects: 100% (95/95), done.
remote: Total 141 (delta 78), reused 94 (delta 46)
Receiving objects: 100% (141/141), 21.19 KiB | 0 bytes/s, done.
Resolving deltas: 100% (78/78), done.
From github.com:ga-students/wdidc4-hw
 * branch            master     -> FETCH_HEAD
   43cfd23..34ebf45  master     -> upstream/master
error: Your local changes to the following files would be overwritten by merge:
	students/rebecca/w02/d01/homework.rb
Please, commit your changes or stash them before you can merge.
Aborting
Rebeccas-MBP:d02 rebeccamills$ git commit
error: There was a problem with the editor 'vi'.
Please supply the message using either -m or -F option.
Rebeccas-MBP:d02 rebeccamills$ git commit -m "Submitting W02D02hw"
[w02 85c45d3] Submitting W02D02hw
 2 files changed, 196 insertions(+)
 create mode 100644 assignments/w02/d02/self_and_sort.rb
Rebeccas-MBP:d02 rebeccamills$ git pull upstream master
From github.com:ga-students/wdidc4-hw
 * branch            master     -> FETCH_HEAD
Auto-merging assignments/w01/d04/deck_o_cards.rb
CONFLICT (add/add): Merge conflict in assignments/w01/d04/deck_o_cards.rb
Removing assignments/w01/d02/homework.md
Automatic merge failed; fix conflicts and then commit the result.
Rebeccas-MBP:d02 rebeccamills$ git checkout w02
assignments/w01/d04/deck_o_cards.rb: needs merge
error: you need to resolve your current index first
Rebeccas-MBP:d02 rebeccamills$ git branch
  master
  w01
* w02
Rebeccas-MBP:d02 rebeccamills$ git pull upstream master
D	assignments/w01/d02/homework.md
A	assignments/w01/d02/readme.md
A	assignments/w01/d03/readme.md
A	assignments/w01/d04/deck_o_cards.md
U	assignments/w01/d04/deck_o_cards.rb
A	assignments/w01/d05/high_card.md
A	assignments/w02/d01/homework.md
A	assignments/w02/d01/homework.rb
A	assignments/w02/d02/self-and-sort-starter/readme.md
A	assignments/w02/d02/self-and-sort-starter/self_and_sort.rb
A	readme.md
A	students/akintola/w01/d02/homework.md
A	students/akintola/w01/d04/deck_o_cards.rb
A	students/alex_b/w01/d02/Alex_kitchen.txt
A	students/alex_b/w01/d03/alex_b_adventure.rb
A	students/alex_b/w01/d04/deck_o_cards.md
A	students/alex_b/w01/d04/deck_o_cards.rb
A	students/alex_b/w01/d05/Alex_b_w01d05.rb
A	students/alex_b/w02/d01/Alex_b_w02d01.rb
A	students/alex_r/w01/d02/kitchen-homework-11.17-rivadeneira.txt
A	students/alex_r/w01/d03/alex.rb
A	students/alex_r/w01/d04/deck_o_cards.rb
A	students/alex_r/w01/d05/high_card.rb
A	students/alison_m/w01/d02/Kitchen_HW
A	students/alison_m/w01/d02/homework.md
A	students/alison_m/w01/d03/test.rb
A	students/alison_t/w01/d02/hmwk.txt
A	students/alison_t/w01/d03/w01d03.rb
A	students/alison_t/w01/d04/w01d04.rb
A	students/andy_k/w01/d02/homework.md
A	students/andy_k/w01/d02/organized_kitchen_consolefile
A	students/andy_k/w01/d03/adventure.rb
A	students/andy_k/w01/d03/readme.md
A	students/andy_k/w01/d04/deck_o_cards.rb
A	students/andy_k/w01/d05/high_card.rb
A	students/andy_l/w01/d03/adventure.rb
A	students/andy_l/w01/d04/deck_o_cards.rb
A	students/aurora/w01/d02/Nou_WDI-DC4-Homework_W01D01
A	students/aurora/w01/d02/homework.md
A	students/aurora/w01/d03/aurora_w01_d03.rb
A	students/aurora/w01/d04/aurora_w01_d04.rb
A	students/aurora/w01/d05/high_card.rb
A	students/austin/w01/d02/hwkday1
A	students/austin/w01/d03/w01d03.rb
A	students/austin/w01/d04/deck_of_cards.rb
A	students/austin/w01/d05/high_cards.rb
A	students/austin/w02/d01/homework.rb
A	students/danny/w01/d02/homework.md
A	students/danny/w01/d02/kitchen_organization.txt
A	students/emily/w01/d02/kitchen
A	students/emily/w01/d03/thecoffeepot.rb
A	students/emily/w01/d04/deck_o_cards.rb
A	students/ian/w01/d02/kitchen-test.txt
A	students/ian/w01/d03/deck_o_cards.rb
A	students/ian/w01/d03/w01d03.rb
A	students/ian/w01/d03/w01d03_hw.rb
A	students/ian/w01/d04/deck_o_cards_hw.rb
A	students/jack/w01/d01/hw-w01d01
A	students/jack/w01/d03/indy.rb
A	students/jack/w01/d04/deck_o_cards.md
A	students/jack/w01/d04/deck_o_cards.rb
A	students/jack/w01/d05/high_card.md
A	students/jack/w01/d05/high_card.rb
A	students/jack/w02/d01/homework.md
A	students/jack/w02/d01/homework.rb
A	students/james/w01/d01/Day_1_HW
A	students/james/w01/d03/w01d03.rb
A	students/james/w01/d04/deck_o_cards.md
A	students/james/w01/d04/deck_o_cards.rb
A	students/james/w01/d04/w01d05.rb
A	students/james/w01/d05/w01d05.rb
A	students/james/w01/w01d04.rb
A	students/james/w02/d01/homework.rb
A	students/kadar/w01/d02/kitchenHW.txt
A	students/kadar/w01/d03/adventure.rb
A	students/kadar/w01/d04/deck_o_cards.rb
A	students/kadar/w02/d01/classroom.rb
A	students/matt_c/w01/d02/day_1
A	students/matt_c/w01/d02/homework.md
A	students/matt_c/w01/d03/w01d03.rb
A	students/matt_c/w01/d04/deck_o_cards.rb
A	students/matt_c/w01/d05/high_card.rb
A	students/matt_c/w02/d01/homework.rb
A	students/matt_l/w01/d02/Terminal Saved Output
A	students/matt_l/w01/d03/w01d03.rb
A	students/matt_l/w01/d04/deck_o_cards.rb
A	students/matt_l/w01/d05/High_card_game.rb
A	students/min/w01/d02/homeworkfirst.txt
A	students/min/w01/d03/choose_adventure_time.rb
A	students/min/w01/d04/deck_o_cards.md
A	students/min/w01/d04/deck_o_cards.rb
A	students/min/w01/d05/high-card.rb
A	students/min/w01/d05/high_card.md
A	students/sherry/w01/d02/homework1.txt
A	students/sherry/w01/d03/adventure.rb
A	students/sherry/w01/d04/deck_o_cards.rb
A	students/sherry/w01/d05/high_card.rb
A	students/sunggyun/w01/d02/kitchen_homework.txt
A	students/sunggyun/w01/d03/adventure.rb
A	students/sunggyun/w01/d03/adventure1.rb
A	students/trey/w01/d02/ACleanKitchen.txt
A	students/trey/w01/d03/choose_your_own_adventure.rb
A	students/trey/w01/d04/deck_o_cards.md
A	students/trey/w01/d04/deck_o_cards.rb
A	students/trey/w01/d05/high_card.rb
A	students/trey/w02/d01/homework.md
A	students/trey/w02/d01/homework.rb
A	students/weston/w01/d02/9:17 homework.txt
A	students/weston/w01/d02/homework.md
A	students/weston/w01/d03/adventure.rb
A	students/weston/w01/d04/deck_o_cards.md
A	students/weston/w01/d04/deck_o_cards.rb
A	students/weston/w01/d05/deck_o_cards.rb
Pull is not possible because you have unmerged files.
Please, fix them up in the work tree, and then use 'git add/rm <file>'
as appropriate to mark resolution, or use 'git commit -a'.
Rebeccas-MBP:d02 rebeccamills$ git checkout master
assignments/w01/d04/deck_o_cards.rb: needs merge
error: you need to resolve your current index first
Rebeccas-MBP:d02 rebeccamills$ git add .
Rebeccas-MBP:d02 rebeccamills$ git commit
U	assignments/w01/d04/deck_o_cards.rb
error: commit is not possible because you have unmerged files.
hint: Fix them up in the work tree, and then use 'git add/rm <file>'
hint: as appropriate to mark resolution and make a commit, or use
hint: 'git commit -a'.
fatal: Exiting because of an unresolved conflict.
Rebeccas-MBP:d02 rebeccamills$ git commit -m "Deleting branch"
U	assignments/w01/d04/deck_o_cards.rb
error: commit is not possible because you have unmerged files.
hint: Fix them up in the work tree, and then use 'git add/rm <file>'
hint: as appropriate to mark resolution and make a commit, or use
hint: 'git commit -a'.
fatal: Exiting because of an unresolved conflict.
Rebeccas-MBP:d02 rebeccamills$ subl .
Rebeccas-MBP:d02 rebeccamills$ cd ..
Rebeccas-MBP:w02 rebeccamills$ ls
d01	d02	d03	d04	d05
Rebeccas-MBP:w02 rebeccamills$ cd ..
Rebeccas-MBP:rebecca rebeccamills$ ls
w01	w03	w05	w07	w09	w11
w02	w04	w06	w08	w10	w12
Rebeccas-MBP:rebecca rebeccamills$ cd ..
Rebeccas-MBP:students rebeccamills$ ls
akintola	andy_k		emily		kurt		rebecca
alex_b		andy_l		ian		matt_c		sherry
alex_r		aurora		jack		matt_l		sunggyun
alison_m	austin		james		min		trey
alison_t	danny		kadar		mo		weston
Rebeccas-MBP:students rebeccamills$ cd ..
Rebeccas-MBP:wdidc4-hw rebeccamills$ ls
assignments	readme.md	students
Rebeccas-MBP:wdidc4-hw rebeccamills$ subl assignments/w01/d04/deck_o_cards.rb
Rebeccas-MBP:wdidc4-hw rebeccamills$ git add .
Rebeccas-MBP:wdidc4-hw rebeccamills$ git commit -m "Fixing merge conflicts"
[w02 4615f10] Fixing merge conflicts
Rebeccas-MBP:wdidc4-hw rebeccamills$ git checkout master
Switched to branch 'master'
Your branch is up-to-date with 'origin/master'.
Rebeccas-MBP:wdidc4-hw rebeccamills$ git branch -d w02
error: The branch 'w02' is not fully merged.
If you are sure you want to delete it, run 'git branch -D w02'.
Rebeccas-MBP:wdidc4-hw rebeccamills$ git branch -D w02
Deleted branch w02 (was 4615f10).
Rebeccas-MBP:wdidc4-hw rebeccamills$ git push origin --delete w02
To git@github.com:rebeccamills/wdidc4-hw.git
 - [deleted]         w02
Rebeccas-MBP:wdidc4-hw rebeccamills$ git pull upstream master
From github.com:ga-students/wdidc4-hw
 * branch            master     -> FETCH_HEAD
Updating 04575cd..34ebf45
Fast-forward
 assignments/w01/d02/homework.md                    |   1 -
 assignments/w01/d02/readme.md                      |  15 +
 assignments/w01/d03/readme.md                      |  59 ++
 assignments/w01/d04/deck_o_cards.md                |  10 +
 assignments/w01/d04/deck_o_cards.rb                |   7 +
 assignments/w01/d05/high_card.md                   |  26 +
 assignments/w02/d01/homework.md                    |  34 ++
 assignments/w02/d01/homework.rb                    |  17 +
 .../w02/d02/self-and-sort-starter/readme.md        | 104 ++++
 .../w02/d02/self-and-sort-starter/self_and_sort.rb | 115 ++++
 readme.md                                          |  64 ++
 students/akintola/w01/d02/homework.md              |  54 ++
 students/akintola/w01/d04/deck_o_cards.rb          |  22 +
 students/alex_b/w01/d02/Alex_kitchen.txt           | 626 +++++++++++++++++++
 students/alex_b/w01/d03/alex_b_adventure.rb        |  52 ++
 students/alex_b/w01/d04/deck_o_cards.md            |  10 +
 students/alex_b/w01/d04/deck_o_cards.rb            |  19 +
 students/alex_b/w01/d05/Alex_b_w01d05.rb           |  44 ++
 students/alex_b/w02/d01/Alex_b_w02d01.rb           |  49 ++
 .../w01/d02/kitchen-homework-11.17-rivadeneira.txt | 353 +++++++++++
 students/alex_r/w01/d03/alex.rb                    |  70 +++
 students/alex_r/w01/d04/deck_o_cards.rb            |  66 ++
 students/alex_r/w01/d05/high_card.rb               | 126 ++++
 students/alison_m/w01/d02/Kitchen_HW               | 680 +++++++++++++++++++++
 students/alison_m/w01/d02/homework.md              |  20 +
 students/alison_m/w01/d03/test.rb                  |  39 ++
 students/alison_t/w01/d02/hmwk.txt                 | 105 ++++
 students/alison_t/w01/d03/w01d03.rb                |  23 +
 students/alison_t/w01/d04/w01d04.rb                |  24 +
 students/andy_k/w01/d02/homework.md                |  15 +
 .../andy_k/w01/d02/organized_kitchen_consolefile   |  33 +
 students/andy_k/w01/d03/adventure.rb               | 117 ++++
 students/andy_k/w01/d03/readme.md                  |  59 ++
 students/andy_k/w01/d04/deck_o_cards.rb            |  30 +
 students/andy_k/w01/d05/high_card.rb               |  87 +++
 students/andy_l/w01/d03/adventure.rb               |  39 ++
 students/andy_l/w01/d04/deck_o_cards.rb            |  20 +
 .../aurora/w01/d02/Nou_WDI-DC4-Homework_W01D01     | 164 +++++
 students/aurora/w01/d02/homework.md                |  15 +
 students/aurora/w01/d03/aurora_w01_d03.rb          | 116 ++++
 students/aurora/w01/d04/aurora_w01_d04.rb          |  15 +
 students/aurora/w01/d05/high_card.rb               |  41 ++
 students/austin/w01/d02/hwkday1                    | 205 +++++++
 students/austin/w01/d03/w01d03.rb                  |  90 +++
 students/austin/w01/d04/deck_of_cards.rb           |  38 ++
 students/austin/w01/d05/high_cards.rb              | 127 ++++
 students/austin/w02/d01/homework.rb                | 109 ++++
 students/danny/w01/d02/homework.md                 |  15 +
 students/danny/w01/d02/kitchen_organization.txt    | 515 ++++++++++++++++
 students/emily/w01/d02/kitchen                     | 308 ++++++++++
 students/emily/w01/d03/thecoffeepot.rb             |  40 ++
 students/emily/w01/d04/deck_o_cards.rb             |  48 ++
 students/ian/w01/d02/kitchen-test.txt              | 348 +++++++++++
 students/ian/w01/d03/deck_o_cards.rb               |  21 +
 students/ian/w01/d03/w01d03.rb                     | 173 ++++++
 students/ian/w01/d03/w01d03_hw.rb                  | 173 ++++++
 students/ian/w01/d04/deck_o_cards_hw.rb            |  21 +
 students/jack/w01/d01/hw-w01d01                    |  57 ++
 students/jack/w01/d03/indy.rb                      |  66 ++
 students/jack/w01/d04/deck_o_cards.md              |  10 +
 students/jack/w01/d04/deck_o_cards.rb              |  19 +
 students/jack/w01/d05/high_card.md                 |  26 +
 students/jack/w01/d05/high_card.rb                 |  78 +++
 students/jack/w02/d01/homework.md                  |  34 ++
 students/jack/w02/d01/homework.rb                  |  97 +++
 students/james/w01/d01/Day_1_HW                    |   1 +
 students/james/w01/d03/w01d03.rb                   |  62 ++
 students/james/w01/d04/deck_o_cards.md             |  10 +
 students/james/w01/d04/deck_o_cards.rb             |  22 +
 students/james/w01/d04/w01d05.rb                   |  48 ++
 students/james/w01/d05/w01d05.rb                   |  86 +++
 students/james/w01/w01d04.rb                       |  23 +
 students/james/w02/d01/homework.rb                 |  63 ++
 students/kadar/w01/d02/kitchenHW.txt               | 207 +++++++
 students/kadar/w01/d03/adventure.rb                |  74 +++
 students/kadar/w01/d04/deck_o_cards.rb             |  32 +
 students/kadar/w02/d01/classroom.rb                |  66 ++
 students/matt_c/w01/d02/day_1                      | 113 ++++
 students/matt_c/w01/d02/homework.md                |  15 +
 students/matt_c/w01/d03/w01d03.rb                  |  59 ++
 students/matt_c/w01/d04/deck_o_cards.rb            |  33 +
 students/matt_c/w01/d05/high_card.rb               |  87 +++
 students/matt_c/w02/d01/homework.rb                |  89 +++
 students/matt_l/w01/d02/Terminal Saved Output      |  42 ++
 students/matt_l/w01/d03/w01d03.rb                  |  86 +++
 students/matt_l/w01/d04/deck_o_cards.rb            |  18 +
 students/matt_l/w01/d05/High_card_game.rb          |  57 ++
 students/min/w01/d02/homeworkfirst.txt             | 273 +++++++++
 students/min/w01/d03/choose_adventure_time.rb      |  68 +++
 students/min/w01/d04/deck_o_cards.md               |  14 +
 students/min/w01/d04/deck_o_cards.rb               |  19 +
 students/min/w01/d05/high-card.rb                  |  48 ++
 students/min/w01/d05/high_card.md                  |  26 +
 students/rebecca/w01/d01/kitchen/cans.txt          |   0
 .../crisper-drawer/apples.txt}                     |   0
 .../lettuce.txt}                                   |   0
 .../rebecca/w01/d01/kitchen/fridge/diapers.txt     |   0
 .../w01/d01/kitchen/fridge/freezer/couch.txt       |   0
 .../sink/delete-me.txt => sink/dirty-dishes.txt}   |   0
 .../sink => sink/drying-rack}/clean-dishes.txt     |   0
 .../kitchen/{fridge => }/trashcan/banana-peels.txt |   0
 .../{fridge => }/trashcan/chicken-bones.txt        |   0
 .../kitchen/{fridge => }/trashcan/egg-shells.txt   |   0
 students/rebecca/w01/d02/kitchen.rtf               | 463 ++++++++++++++
 students/sherry/w01/d02/homework1.txt              |  86 +++
 students/sherry/w01/d03/adventure.rb               |  57 ++
 students/sherry/w01/d04/deck_o_cards.rb            |  19 +
 students/sherry/w01/d05/high_card.rb               |  97 +++
 students/sunggyun/w01/d02/kitchen_homework.txt     |  14 +
 students/sunggyun/w01/d03/adventure.rb             | 379 ++++++++++++
 students/sunggyun/w01/d03/adventure1.rb            | 380 ++++++++++++
 students/trey/w01/d02/ACleanKitchen.txt            |   8 +
 students/trey/w01/d03/choose_your_own_adventure.rb | 253 ++++++++
 students/trey/w01/d04/deck_o_cards.md              |  10 +
 students/trey/w01/d04/deck_o_cards.rb              |  23 +
 students/trey/w01/d05/high_card.rb                 | 125 ++++
 students/trey/w02/d01/homework.md                  |  34 ++
 students/trey/w02/d01/homework.rb                  |  98 +++
 students/weston/w01/d02/9:17 homework.txt          | 297 +++++++++
 students/weston/w01/d02/homework.md                |  15 +
 students/weston/w01/d03/adventure.rb               |  80 +++
 students/weston/w01/d04/deck_o_cards.md            |  10 +
 students/weston/w01/d04/deck_o_cards.rb            |   7 +
 students/weston/w01/d05/deck_o_cards.rb            |  11 +
 124 files changed, 10409 insertions(+), 1 deletion(-)
 delete mode 100644 assignments/w01/d02/homework.md
 create mode 100644 assignments/w01/d02/readme.md
 create mode 100644 assignments/w01/d03/readme.md
 create mode 100644 assignments/w01/d04/deck_o_cards.md
 create mode 100644 assignments/w01/d04/deck_o_cards.rb
 create mode 100644 assignments/w01/d05/high_card.md
 create mode 100644 assignments/w02/d01/homework.md
 create mode 100644 assignments/w02/d01/homework.rb
 create mode 100644 assignments/w02/d02/self-and-sort-starter/readme.md
 create mode 100644 assignments/w02/d02/self-and-sort-starter/self_and_sort.rb
 create mode 100644 readme.md
 create mode 100644 students/akintola/w01/d02/homework.md
 create mode 100644 students/akintola/w01/d04/deck_o_cards.rb
 create mode 100644 students/alex_b/w01/d02/Alex_kitchen.txt
 create mode 100644 students/alex_b/w01/d03/alex_b_adventure.rb
 create mode 100644 students/alex_b/w01/d04/deck_o_cards.md
 create mode 100644 students/alex_b/w01/d04/deck_o_cards.rb
 create mode 100644 students/alex_b/w01/d05/Alex_b_w01d05.rb
 create mode 100644 students/alex_b/w02/d01/Alex_b_w02d01.rb
 create mode 100644 students/alex_r/w01/d02/kitchen-homework-11.17-rivadeneira.txt
 create mode 100644 students/alex_r/w01/d03/alex.rb
 create mode 100644 students/alex_r/w01/d04/deck_o_cards.rb
 create mode 100644 students/alex_r/w01/d05/high_card.rb
 create mode 100644 students/alison_m/w01/d02/Kitchen_HW
 create mode 100644 students/alison_m/w01/d02/homework.md
 create mode 100644 students/alison_m/w01/d03/test.rb
 create mode 100644 students/alison_t/w01/d02/hmwk.txt
 create mode 100644 students/alison_t/w01/d03/w01d03.rb
 create mode 100644 students/alison_t/w01/d04/w01d04.rb
 create mode 100644 students/andy_k/w01/d02/homework.md
 create mode 100644 students/andy_k/w01/d02/organized_kitchen_consolefile
 create mode 100644 students/andy_k/w01/d03/adventure.rb
 create mode 100644 students/andy_k/w01/d03/readme.md
 create mode 100644 students/andy_k/w01/d04/deck_o_cards.rb
 create mode 100644 students/andy_k/w01/d05/high_card.rb
 create mode 100644 students/andy_l/w01/d03/adventure.rb
 create mode 100644 students/andy_l/w01/d04/deck_o_cards.rb
 create mode 100644 students/aurora/w01/d02/Nou_WDI-DC4-Homework_W01D01
 create mode 100644 students/aurora/w01/d02/homework.md
 create mode 100644 students/aurora/w01/d03/aurora_w01_d03.rb
 create mode 100644 students/aurora/w01/d04/aurora_w01_d04.rb
 create mode 100644 students/aurora/w01/d05/high_card.rb
 create mode 100644 students/austin/w01/d02/hwkday1
 create mode 100644 students/austin/w01/d03/w01d03.rb
 create mode 100644 students/austin/w01/d04/deck_of_cards.rb
 create mode 100644 students/austin/w01/d05/high_cards.rb
 create mode 100644 students/austin/w02/d01/homework.rb
 create mode 100644 students/danny/w01/d02/homework.md
 create mode 100644 students/danny/w01/d02/kitchen_organization.txt
 create mode 100644 students/emily/w01/d02/kitchen
 create mode 100644 students/emily/w01/d03/thecoffeepot.rb
 create mode 100644 students/emily/w01/d04/deck_o_cards.rb
 create mode 100644 students/ian/w01/d02/kitchen-test.txt
 create mode 100644 students/ian/w01/d03/deck_o_cards.rb
 create mode 100644 students/ian/w01/d03/w01d03.rb
 create mode 100644 students/ian/w01/d03/w01d03_hw.rb
 create mode 100644 students/ian/w01/d04/deck_o_cards_hw.rb
 create mode 100644 students/jack/w01/d01/hw-w01d01
 create mode 100644 students/jack/w01/d03/indy.rb
 create mode 100644 students/jack/w01/d04/deck_o_cards.md
 create mode 100644 students/jack/w01/d04/deck_o_cards.rb
 create mode 100644 students/jack/w01/d05/high_card.md
 create mode 100644 students/jack/w01/d05/high_card.rb
 create mode 100644 students/jack/w02/d01/homework.md
 create mode 100644 students/jack/w02/d01/homework.rb
 create mode 100644 students/james/w01/d01/Day_1_HW
 create mode 100644 students/james/w01/d03/w01d03.rb
 create mode 100644 students/james/w01/d04/deck_o_cards.md
 create mode 100644 students/james/w01/d04/deck_o_cards.rb
 create mode 100644 students/james/w01/d04/w01d05.rb
 create mode 100644 students/james/w01/d05/w01d05.rb
 create mode 100644 students/james/w01/w01d04.rb
 create mode 100644 students/james/w02/d01/homework.rb
 create mode 100644 students/kadar/w01/d02/kitchenHW.txt
 create mode 100644 students/kadar/w01/d03/adventure.rb
 create mode 100644 students/kadar/w01/d04/deck_o_cards.rb
 create mode 100644 students/kadar/w02/d01/classroom.rb
 create mode 100644 students/matt_c/w01/d02/day_1
 create mode 100644 students/matt_c/w01/d02/homework.md
 create mode 100644 students/matt_c/w01/d03/w01d03.rb
 create mode 100644 students/matt_c/w01/d04/deck_o_cards.rb
 create mode 100644 students/matt_c/w01/d05/high_card.rb
 create mode 100644 students/matt_c/w02/d01/homework.rb
 create mode 100644 students/matt_l/w01/d02/Terminal Saved Output
 create mode 100644 students/matt_l/w01/d03/w01d03.rb
 create mode 100644 students/matt_l/w01/d04/deck_o_cards.rb
 create mode 100644 students/matt_l/w01/d05/High_card_game.rb
 create mode 100644 students/min/w01/d02/homeworkfirst.txt
 create mode 100644 students/min/w01/d03/choose_adventure_time.rb
 create mode 100644 students/min/w01/d04/deck_o_cards.md
 create mode 100644 students/min/w01/d04/deck_o_cards.rb
 create mode 100644 students/min/w01/d05/high-card.rb
 create mode 100644 students/min/w01/d05/high_card.md
 delete mode 100644 students/rebecca/w01/d01/kitchen/cans.txt
 rename students/rebecca/w01/d01/kitchen/{pantry/crisper-drawer/lettuce.txt => fridge/crisper-drawer/apples.txt} (100%)
 rename students/rebecca/w01/d01/kitchen/fridge/{trashcan/sink/dirty-dishes.txt => crisper-drawer/lettuce.txt} (100%)
 delete mode 100644 students/rebecca/w01/d01/kitchen/fridge/diapers.txt
 delete mode 100644 students/rebecca/w01/d01/kitchen/fridge/freezer/couch.txt
 rename students/rebecca/w01/d01/kitchen/{fridge/trashcan/sink/delete-me.txt => sink/dirty-dishes.txt} (100%)
 rename students/rebecca/w01/d01/kitchen/{fridge/trashcan/sink => sink/drying-rack}/clean-dishes.txt (100%)
 rename students/rebecca/w01/d01/kitchen/{fridge => }/trashcan/banana-peels.txt (100%)
 rename students/rebecca/w01/d01/kitchen/{fridge => }/trashcan/chicken-bones.txt (100%)
 rename students/rebecca/w01/d01/kitchen/{fridge => }/trashcan/egg-shells.txt (100%)
 create mode 100644 students/rebecca/w01/d02/kitchen.rtf
 create mode 100644 students/sherry/w01/d02/homework1.txt
 create mode 100644 students/sherry/w01/d03/adventure.rb
 create mode 100644 students/sherry/w01/d04/deck_o_cards.rb
 create mode 100644 students/sherry/w01/d05/high_card.rb
 create mode 100644 students/sunggyun/w01/d02/kitchen_homework.txt
 create mode 100644 students/sunggyun/w01/d03/adventure.rb
 create mode 100644 students/sunggyun/w01/d03/adventure1.rb
 create mode 100644 students/trey/w01/d02/ACleanKitchen.txt
 create mode 100644 students/trey/w01/d03/choose_your_own_adventure.rb
 create mode 100644 students/trey/w01/d04/deck_o_cards.md
 create mode 100644 students/trey/w01/d04/deck_o_cards.rb
 create mode 100644 students/trey/w01/d05/high_card.rb
 create mode 100644 students/trey/w02/d01/homework.md
 create mode 100644 students/trey/w02/d01/homework.rb
 create mode 100644 students/weston/w01/d02/9:17 homework.txt
 create mode 100644 students/weston/w01/d02/homework.md
 create mode 100644 students/weston/w01/d03/adventure.rb
 create mode 100644 students/weston/w01/d04/deck_o_cards.md
 create mode 100644 students/weston/w01/d04/deck_o_cards.rb
 create mode 100644 students/weston/w01/d05/deck_o_cards.rb
Rebeccas-MBP:wdidc4-hw rebeccamills$ git checkout -b w02
Switched to a new branch 'w02'
Rebeccas-MBP:wdidc4-hw rebeccamills$ git merge master
Already up-to-date.
Rebeccas-MBP:wdidc4-hw rebeccamills$ git status
On branch w02
Untracked files:
  (use "git add <file>..." to include in what will be committed)

	students/rebecca/w02/d02/self_and_sort.rb

nothing added to commit but untracked files present (use "git add" to track)
Rebeccas-MBP:wdidc4-hw rebeccamills$ git add .
Rebeccas-MBP:wdidc4-hw rebeccamills$ git commit -m "Sumitting w02d02hw"
[w02 6bdc0bb] Sumitting w02d02hw
 1 file changed, 186 insertions(+)
 create mode 100644 students/rebecca/w02/d02/self_and_sort.rb
Rebeccas-MBP:wdidc4-hw rebeccamills$ git push origin w02
Counting objects: 1581, done.
Delta compression using up to 4 threads.
Compressing objects: 100% (714/714), done.
Writing objects: 100% (1581/1581), 215.29 KiB | 0 bytes/s, done.
Total 1581 (delta 718), reused 1556 (delta 699)
To git@github.com:rebeccamills/wdidc4-hw.git
 * [new branch]      w02 -> w02
Rebeccas-MBP:wdidc4-hw rebeccamills$ ls
assignments	readme.md	students
Rebeccas-MBP:wdidc4-hw rebeccamills$ master 
-bash: master: command not found
Rebeccas-MBP:wdidc4-hw rebeccamills$ master $ git checkout -b w02
-bash: master: command not found
Rebeccas-MBP:wdidc4-hw rebeccamills$ high_card.md
-bash: high_card.md: command not found
Rebeccas-MBP:wdidc4-hw rebeccamills$ ls
assignments	readme.md	students
Rebeccas-MBP:wdidc4-hw rebeccamills$ cd assignments
Rebeccas-MBP:assignments rebeccamills$ ls
w01	w03	w05	w07	w09	w11
w02	w04	w06	w08	w10	w12
Rebeccas-MBP:assignments rebeccamills$ cd w01
Rebeccas-MBP:w01 rebeccamills$ cd d05
Rebeccas-MBP:d05 rebeccamills$ ls
high_card.md
Rebeccas-MBP:d05 rebeccamills$ high_card.md
-bash: high_card.md: command not found
Rebeccas-MBP:d05 rebeccamills$ cd high_card.md
-bash: cd: high_card.md: Not a directory
Rebeccas-MBP:d05 rebeccamills$ touch high_card.rb
Rebeccas-MBP:d05 rebeccamills$ ruby high_card.rb
Rebeccas-MBP:d05 rebeccamills$ subl .
Rebeccas-MBP:d05 rebeccamills$ mv high_card.md readme.md
Rebeccas-MBP:d05 rebeccamills$ subl high_card.rb
Rebeccas-MBP:d05 rebeccamills$ ruby high_card.rb
current suit is hearts
current suit is diamonds
current suit is clubs
current suit is spades
Rebeccas-MBP:d05 rebeccamills$ ruby high_card.rb
high_card.rb:11: syntax error, unexpected tIDENTIFIER, expecting keyword_do or '{' or '('
Rebeccas-MBP:d05 rebeccamills$ ruby high_card.rb
current suit is hearts
deck is: 
[]current suit is diamonds
deck is: 
[]current suit is clubs
deck is: 
[]current suit is spades
deck is: 
Rebeccas-MBP:d05 rebeccamills$ ruby high_card.rb
current suit is hearts
deck is: 
["hearts"]
current suit is diamonds
deck is: 
["hearts", "diamonds"]
current suit is clubs
deck is: 
["hearts", "diamonds", "clubs"]
current suit is spades
deck is: 
["hearts", "diamonds", "clubs", "spades"]
Rebeccas-MBP:d05 rebeccamills$ pry
[1] pry(main)> arr = ['pizza', 'mac n cheese', 'pb and j']
=> ["pizza", "mac n cheese", "pb and j"]
[2] pry(main)> quit
Rebeccas-MBP:d05 rebeccamills$ ruby high_card.rb
Rebeccas-MBP:d05 rebeccamills$ ruby high_card.rb
Rebeccas-MBP:d05 rebeccamills$ ruby high_card.rb
Rebeccas-MBP:d05 rebeccamills$ ruby high_card.rb
Rebeccas-MBP:d05 rebeccamills$ ruby high_card.rb
high_card.rb:30: syntax error, unexpected end-of-input, expecting keyword_end
Rebeccas-MBP:d05 rebeccamills$ ruby high_card.rb
high_card.rb:34: syntax error, unexpected end-of-input, expecting keyword_end
Rebeccas-MBP:d05 rebeccamills$ ruby high_card.rb
high_card.rb:37: syntax error, unexpected end-of-input, expecting keyword_end
Rebeccas-MBP:d05 rebeccamills$ ruby high_card.rb
high_card.rb:37: syntax error, unexpected end-of-input, expecting keyword_end
Rebeccas-MBP:d05 rebeccamills$ ruby high_card.rb
high_card.rb:36: syntax error, unexpected end-of-input, expecting keyword_end
Rebeccas-MBP:d05 rebeccamills$ ruby high_card.rb
high_card.rb:37: syntax error, unexpected end-of-input, expecting keyword_end
Rebeccas-MBP:d05 rebeccamills$ ruby high_card.rb
high_card.rb:40: syntax error, unexpected end-of-input, expecting keyword_end
Rebeccas-MBP:d05 rebeccamills$ ruby high_card.rb
high_card.rb:43: syntax error, unexpected end-of-input, expecting keyword_end
 puts "The winner is a #{winner}!"
                                  ^
Rebeccas-MBP:d05 rebeccamills$ ruby high_card.rb
high_card.rb:42: syntax error, unexpected end-of-input, expecting keyword_end
 puts "The winner is a #{winner}!"
                                  ^
Rebeccas-MBP:d05 rebeccamills$ ruby high_card.rb
high_card.rb:42: syntax error, unexpected end-of-input, expecting keyword_end
 puts "The winner is a #{winner}!"
                                  ^
Rebeccas-MBP:d05 rebeccamills$ ruby high_card.rb
{n} players so far. Enter a player name, or type 'play':
q    
high_card.rb:22:in `<main>': undefined local variable or method `players' for main:Object (NameError)
Rebeccas-MBP:d05 rebeccamills$ ls
high_card.rb	readme.md
Rebeccas-MBP:d05 rebeccamills$ cd ..
Rebeccas-MBP:w01 rebeccamills$ ls
d01	d02	d03	d04	d05
Rebeccas-MBP:w01 rebeccamills$ cd ..
Rebeccas-MBP:assignments rebeccamills$ ls
w01	w03	w05	w07	w09	w11
w02	w04	w06	w08	w10	w12
Rebeccas-MBP:assignments rebeccamills$ cd ..
Rebeccas-MBP:wdidc4-hw rebeccamills$ ls
assignments	readme.md	students
Rebeccas-MBP:wdidc4-hw rebeccamills$ cd ..
Rebeccas-MBP:sites rebeccamills$ ls
air_conditioning.rb		pyramid.rb
conditionals.rb			searching_for_obi_wan.rb
haiku				wdidc4
location.rb			wdidc4-hw
logic.rb
Rebeccas-MBP:sites rebeccamills$ cd wdidc4
Rebeccas-MBP:wdidc4 rebeccamills$ ls
readme.md	ruby		student.rb	w01		w02
Rebeccas-MBP:wdidc4 rebeccamills$ cd w02
Rebeccas-MBP:w02 rebeccamills$ ls
chair.rb	d01		doberman	readme.md	student.rb
class Corgi.rb	d02		flowers.rb	robots.rb	teeswag.rb
Rebeccas-MBP:w02 rebeccamills$ touch the_landlord.rb
Rebeccas-MBP:w02 rebeccamills$ subl .
Rebeccas-MBP:w02 rebeccamills$ ls
chair.rb	d02		readme.md	teeswag.rb
class Corgi.rb	doberman	robots.rb	the_landlord.rb
d01		flowers.rb	student.rb
Rebeccas-MBP:w02 rebeccamills$ cd ..
Rebeccas-MBP:wdidc4 rebeccamills$ ls
readme.md	ruby		student.rb	w01		w02
Rebeccas-MBP:wdidc4 rebeccamills$ cd ..
Rebeccas-MBP:sites rebeccamills$ ls
air_conditioning.rb		pyramid.rb
conditionals.rb			searching_for_obi_wan.rb
haiku				wdidc4
location.rb			wdidc4-hw
logic.rb
Rebeccas-MBP:sites rebeccamills$ cd wdidc4-hw
Rebeccas-MBP:wdidc4-hw rebeccamills$ cd assignments
Rebeccas-MBP:assignments rebeccamills$ ls
w01	w03	w05	w07	w09	w11
w02	w04	w06	w08	w10	w12
Rebeccas-MBP:assignments rebeccamills$ cd w02
Rebeccas-MBP:w02 rebeccamills$ ls
d01	d02	d03	d04	d05
Rebeccas-MBP:w02 rebeccamills$ cd d03
Rebeccas-MBP:d03 rebeccamills$ ls
Rebeccas-MBP:d03 rebeccamills$ cd potter
-bash: cd: potter: No such file or directory
Rebeccas-MBP:d03 rebeccamills$ mkdir potter
Rebeccas-MBP:d03 rebeccamills$ touch potter.rb
Rebeccas-MBP:d03 rebeccamills$ subl .
Rebeccas-MBP:d03 rebeccamills$ pry
[1] pry(main)> require 'csv
[1] pry(main)* require 'csv'
SyntaxError: unexpected tIDENTIFIER, expecting end-of-input
require 'csv'
            ^
[1] pry(main)> quit
Rebeccas-MBP:d03 rebeccamills$ ls
potter
Rebeccas-MBP:d03 rebeccamills$ ruby potter.rb
ruby: No such file or directory -- potter.rb (LoadError)
Rebeccas-MBP:d03 rebeccamills$ cd ..
Rebeccas-MBP:w02 rebeccamills$ ls
d01	d02	d03	d04	d05
Rebeccas-MBP:w02 rebeccamills$ cd d03
Rebeccas-MBP:d03 rebeccamills$ ls
potter
Rebeccas-MBP:d03 rebeccamills$ cd potter.rb
-bash: cd: potter.rb: No such file or directory
Rebeccas-MBP:d03 rebeccamills$ ruby potter.rb
ruby: No such file or directory -- potter.rb (LoadError)
Rebeccas-MBP:d03 rebeccamills$ cd ..
Rebeccas-MBP:w02 rebeccamills$ ls
d01	d02	d03	d04	d05
Rebeccas-MBP:w02 rebeccamills$ cd d03
Rebeccas-MBP:d03 rebeccamills$ ls
potter
Rebeccas-MBP:d03 rebeccamills$ cd potter
Rebeccas-MBP:potter rebeccamills$ ls
potter.csv	potter.rb
Rebeccas-MBP:potter rebeccamills$ ruby potter.rb
/System/Library/Frameworks/Ruby.framework/Versions/2.0/usr/lib/ruby/2.0.0/csv.rb:1851:in `block (2 levels) in shift': Illegal quoting in line 6. (CSV::MalformedCSVError)
	from /System/Library/Frameworks/Ruby.framework/Versions/2.0/usr/lib/ruby/2.0.0/csv.rb:1813:in `each'
	from /System/Library/Frameworks/Ruby.framework/Versions/2.0/usr/lib/ruby/2.0.0/csv.rb:1813:in `block in shift'
	from /System/Library/Frameworks/Ruby.framework/Versions/2.0/usr/lib/ruby/2.0.0/csv.rb:1773:in `loop'
	from /System/Library/Frameworks/Ruby.framework/Versions/2.0/usr/lib/ruby/2.0.0/csv.rb:1773:in `shift'
	from /System/Library/Frameworks/Ruby.framework/Versions/2.0/usr/lib/ruby/2.0.0/csv.rb:1715:in `each'
	from /System/Library/Frameworks/Ruby.framework/Versions/2.0/usr/lib/ruby/2.0.0/csv.rb:1729:in `to_a'
	from /System/Library/Frameworks/Ruby.framework/Versions/2.0/usr/lib/ruby/2.0.0/csv.rb:1729:in `read'
	from /System/Library/Frameworks/Ruby.framework/Versions/2.0/usr/lib/ruby/2.0.0/csv.rb:1323:in `block in read'
	from /System/Library/Frameworks/Ruby.framework/Versions/2.0/usr/lib/ruby/2.0.0/csv.rb:1266:in `open'
	from /System/Library/Frameworks/Ruby.framework/Versions/2.0/usr/lib/ruby/2.0.0/csv.rb:1323:in `read'
	from potter.rb:3:in `<main>'
Rebeccas-MBP:potter rebeccamills$ ruby potter.rb
/System/Library/Frameworks/Ruby.framework/Versions/2.0/usr/lib/ruby/2.0.0/csv.rb:1851:in `block (2 levels) in shift': Illegal quoting in line 6. (CSV::MalformedCSVError)
	from /System/Library/Frameworks/Ruby.framework/Versions/2.0/usr/lib/ruby/2.0.0/csv.rb:1813:in `each'
	from /System/Library/Frameworks/Ruby.framework/Versions/2.0/usr/lib/ruby/2.0.0/csv.rb:1813:in `block in shift'
	from /System/Library/Frameworks/Ruby.framework/Versions/2.0/usr/lib/ruby/2.0.0/csv.rb:1773:in `loop'
	from /System/Library/Frameworks/Ruby.framework/Versions/2.0/usr/lib/ruby/2.0.0/csv.rb:1773:in `shift'
	from /System/Library/Frameworks/Ruby.framework/Versions/2.0/usr/lib/ruby/2.0.0/csv.rb:1715:in `each'
	from /System/Library/Frameworks/Ruby.framework/Versions/2.0/usr/lib/ruby/2.0.0/csv.rb:1729:in `to_a'
	from /System/Library/Frameworks/Ruby.framework/Versions/2.0/usr/lib/ruby/2.0.0/csv.rb:1729:in `read'
	from /System/Library/Frameworks/Ruby.framework/Versions/2.0/usr/lib/ruby/2.0.0/csv.rb:1323:in `block in read'
	from /System/Library/Frameworks/Ruby.framework/Versions/2.0/usr/lib/ruby/2.0.0/csv.rb:1266:in `open'
	from /System/Library/Frameworks/Ruby.framework/Versions/2.0/usr/lib/ruby/2.0.0/csv.rb:1323:in `read'
	from potter.rb:3:in `<main>'
Rebeccas-MBP:potter rebeccamills$ ruby potter.rb
/System/Library/Frameworks/Ruby.framework/Versions/2.0/usr/lib/ruby/2.0.0/csv.rb:1851:in `block (2 levels) in shift': Illegal quoting in line 6. (CSV::MalformedCSVError)
	from /System/Library/Frameworks/Ruby.framework/Versions/2.0/usr/lib/ruby/2.0.0/csv.rb:1813:in `each'
	from /System/Library/Frameworks/Ruby.framework/Versions/2.0/usr/lib/ruby/2.0.0/csv.rb:1813:in `block in shift'
	from /System/Library/Frameworks/Ruby.framework/Versions/2.0/usr/lib/ruby/2.0.0/csv.rb:1773:in `loop'
	from /System/Library/Frameworks/Ruby.framework/Versions/2.0/usr/lib/ruby/2.0.0/csv.rb:1773:in `shift'
	from /System/Library/Frameworks/Ruby.framework/Versions/2.0/usr/lib/ruby/2.0.0/csv.rb:1715:in `each'
	from /System/Library/Frameworks/Ruby.framework/Versions/2.0/usr/lib/ruby/2.0.0/csv.rb:1729:in `to_a'
	from /System/Library/Frameworks/Ruby.framework/Versions/2.0/usr/lib/ruby/2.0.0/csv.rb:1729:in `read'
	from /System/Library/Frameworks/Ruby.framework/Versions/2.0/usr/lib/ruby/2.0.0/csv.rb:1323:in `block in read'
	from /System/Library/Frameworks/Ruby.framework/Versions/2.0/usr/lib/ruby/2.0.0/csv.rb:1266:in `open'
	from /System/Library/Frameworks/Ruby.framework/Versions/2.0/usr/lib/ruby/2.0.0/csv.rb:1323:in `read'
	from potter.rb:3:in `<main>'
Rebeccas-MBP:potter rebeccamills$ ruby potter.rb
Rebeccas-MBP:potter rebeccamills$ ruby potter.rb
/System/Library/Frameworks/Ruby.framework/Versions/2.0/usr/lib/ruby/2.0.0/csv.rb:1851:in `block (2 levels) in shift': Illegal quoting in line 6. (CSV::MalformedCSVError)
	from /System/Library/Frameworks/Ruby.framework/Versions/2.0/usr/lib/ruby/2.0.0/csv.rb:1813:in `each'
	from /System/Library/Frameworks/Ruby.framework/Versions/2.0/usr/lib/ruby/2.0.0/csv.rb:1813:in `block in shift'
	from /System/Library/Frameworks/Ruby.framework/Versions/2.0/usr/lib/ruby/2.0.0/csv.rb:1773:in `loop'
	from /System/Library/Frameworks/Ruby.framework/Versions/2.0/usr/lib/ruby/2.0.0/csv.rb:1773:in `shift'
	from /System/Library/Frameworks/Ruby.framework/Versions/2.0/usr/lib/ruby/2.0.0/csv.rb:1715:in `each'
	from /System/Library/Frameworks/Ruby.framework/Versions/2.0/usr/lib/ruby/2.0.0/csv.rb:1729:in `to_a'
	from /System/Library/Frameworks/Ruby.framework/Versions/2.0/usr/lib/ruby/2.0.0/csv.rb:1729:in `read'
	from /System/Library/Frameworks/Ruby.framework/Versions/2.0/usr/lib/ruby/2.0.0/csv.rb:1323:in `block in read'
	from /System/Library/Frameworks/Ruby.framework/Versions/2.0/usr/lib/ruby/2.0.0/csv.rb:1266:in `open'
	from /System/Library/Frameworks/Ruby.framework/Versions/2.0/usr/lib/ruby/2.0.0/csv.rb:1323:in `read'
	from potter.rb:6:in `<main>'
Rebeccas-MBP:potter rebeccamills$ ruby potter.rb
/System/Library/Frameworks/Ruby.framework/Versions/2.0/usr/lib/ruby/2.0.0/csv.rb:1851:in `block (2 levels) in shift': Illegal quoting in line 6. (CSV::MalformedCSVError)
	from /System/Library/Frameworks/Ruby.framework/Versions/2.0/usr/lib/ruby/2.0.0/csv.rb:1813:in `each'
	from /System/Library/Frameworks/Ruby.framework/Versions/2.0/usr/lib/ruby/2.0.0/csv.rb:1813:in `block in shift'
	from /System/Library/Frameworks/Ruby.framework/Versions/2.0/usr/lib/ruby/2.0.0/csv.rb:1773:in `loop'
	from /System/Library/Frameworks/Ruby.framework/Versions/2.0/usr/lib/ruby/2.0.0/csv.rb:1773:in `shift'
	from /System/Library/Frameworks/Ruby.framework/Versions/2.0/usr/lib/ruby/2.0.0/csv.rb:1715:in `each'
	from /System/Library/Frameworks/Ruby.framework/Versions/2.0/usr/lib/ruby/2.0.0/csv.rb:1729:in `to_a'
	from /System/Library/Frameworks/Ruby.framework/Versions/2.0/usr/lib/ruby/2.0.0/csv.rb:1729:in `read'
	from /System/Library/Frameworks/Ruby.framework/Versions/2.0/usr/lib/ruby/2.0.0/csv.rb:1323:in `block in read'
	from /System/Library/Frameworks/Ruby.framework/Versions/2.0/usr/lib/ruby/2.0.0/csv.rb:1266:in `open'
	from /System/Library/Frameworks/Ruby.framework/Versions/2.0/usr/lib/ruby/2.0.0/csv.rb:1323:in `read'
	from potter.rb:6:in `<main>'
Rebeccas-MBP:potter rebeccamills$ ruby potter.rb
/System/Library/Frameworks/Ruby.framework/Versions/2.0/usr/lib/ruby/2.0.0/csv.rb:1851:in `block (2 levels) in shift': Illegal quoting in line 6. (CSV::MalformedCSVError)
	from /System/Library/Frameworks/Ruby.framework/Versions/2.0/usr/lib/ruby/2.0.0/csv.rb:1813:in `each'
	from /System/Library/Frameworks/Ruby.framework/Versions/2.0/usr/lib/ruby/2.0.0/csv.rb:1813:in `block in shift'
	from /System/Library/Frameworks/Ruby.framework/Versions/2.0/usr/lib/ruby/2.0.0/csv.rb:1773:in `loop'
	from /System/Library/Frameworks/Ruby.framework/Versions/2.0/usr/lib/ruby/2.0.0/csv.rb:1773:in `shift'
	from /System/Library/Frameworks/Ruby.framework/Versions/2.0/usr/lib/ruby/2.0.0/csv.rb:1715:in `each'
	from /System/Library/Frameworks/Ruby.framework/Versions/2.0/usr/lib/ruby/2.0.0/csv.rb:1729:in `to_a'
	from /System/Library/Frameworks/Ruby.framework/Versions/2.0/usr/lib/ruby/2.0.0/csv.rb:1729:in `read'
	from /System/Library/Frameworks/Ruby.framework/Versions/2.0/usr/lib/ruby/2.0.0/csv.rb:1323:in `block in read'
	from /System/Library/Frameworks/Ruby.framework/Versions/2.0/usr/lib/ruby/2.0.0/csv.rb:1266:in `open'
	from /System/Library/Frameworks/Ruby.framework/Versions/2.0/usr/lib/ruby/2.0.0/csv.rb:1323:in `read'
	from potter.rb:6:in `<main>'
Rebeccas-MBP:potter rebeccamills$ pry
[1] pry(main)> ruby potter.rb
NameError: undefined local variable or method `potter' for main:Object
from (pry):1:in `__pry__'
[2] pry(main)> ruby potter.rb
NameError: undefined local variable or method `potter' for main:Object
from (pry):2:in `__pry__'
[3] pry(main)> quit
Rebeccas-MBP:potter rebeccamills$ ls
potter.csv	potter.rb
Rebeccas-MBP:potter rebeccamills$ cd ..
Rebeccas-MBP:d03 rebeccamills$ ls
potter
Rebeccas-MBP:d03 rebeccamills$ cd ..
Rebeccas-MBP:w02 rebeccamills$ cd ..
Rebeccas-MBP:assignments rebeccamills$ ls
w01	w03	w05	w07	w09	w11
w02	w04	w06	w08	w10	w12
Rebeccas-MBP:assignments rebeccamills$ cd ..
Rebeccas-MBP:wdidc4-hw rebeccamills$ ls
assignments	readme.md	students
Rebeccas-MBP:wdidc4-hw rebeccamills$ cd ..
Rebeccas-MBP:sites rebeccamills$ ls
air_conditioning.rb		pyramid.rb
conditionals.rb			searching_for_obi_wan.rb
haiku				wdidc4
location.rb			wdidc4-hw
logic.rb
Rebeccas-MBP:sites rebeccamills$ cd wdidc4-hw
Rebeccas-MBP:wdidc4-hw rebeccamills$ git status
On branch w02
Changes not staged for commit:
  (use "git add/rm <file>..." to update what will be committed)
  (use "git checkout -- <file>..." to discard changes in working directory)

	deleted:    assignments/w01/d05/high_card.md

Untracked files:
  (use "git add <file>..." to include in what will be committed)

	assignments/w01/d05/high_card.rb
	assignments/w01/d05/readme.md
	assignments/w02/d03/potter/

no changes added to commit (use "git add" and/or "git commit -a")
Rebeccas-MBP:wdidc4-hw rebeccamills$ git checkout -b "w03"
D	assignments/w01/d05/high_card.md
Switched to a new branch 'w03'
Rebeccas-MBP:wdidc4-hw rebeccamills$ git add
Nothing specified, nothing added.
Maybe you wanted to say 'git add .'?
Rebeccas-MBP:wdidc4-hw rebeccamills$ git commit -m "Initial commit"
On branch w03
Changes not staged for commit:
	deleted:    assignments/w01/d05/high_card.md

Untracked files:
	assignments/w01/d05/high_card.rb
	assignments/w01/d05/readme.md
	assignments/w02/d03/potter/

no changes added to commit
Rebeccas-MBP:wdidc4-hw rebeccamills$ git checkout w02
D	assignments/w01/d05/high_card.md
Switched to branch 'w02'
Rebeccas-MBP:wdidc4-hw rebeccamills$ git add .
Rebeccas-MBP:wdidc4-hw rebeccamills$ git commit -m "End of w02"
[w02 69c20e2] End of w02
 4 files changed, 1160 insertions(+)
 create mode 100644 assignments/w01/d05/high_card.rb
 rename assignments/w01/d05/{high_card.md => readme.md} (100%)
 create mode 100644 assignments/w02/d03/potter/potter.csv
 create mode 100644 assignments/w02/d03/potter/potter.rb
Rebeccas-MBP:wdidc4-hw rebeccamills$ git push origin w02
Counting objects: 11, done.
Delta compression using up to 4 threads.
Compressing objects: 100% (11/11), done.
Writing objects: 100% (11/11), 12.06 KiB | 0 bytes/s, done.
Total 11 (delta 4), reused 0 (delta 0)
To git@github.com:rebeccamills/wdidc4-hw.git
   6bdc0bb..69c20e2  w02 -> w02
Rebeccas-MBP:wdidc4-hw rebeccamills$ git checkout w03
Switched to branch 'w03'
Rebeccas-MBP:wdidc4-hw rebeccamills$ git remote -v
origin	git@github.com:rebeccamills/wdidc4-hw.git (fetch)
origin	git@github.com:rebeccamills/wdidc4-hw.git (push)
upstream	git@github.com:ga-students/wdidc4-hw.git (fetch)
upstream	git@github.com:ga-students/wdidc4-hw.git (push)
Rebeccas-MBP:wdidc4-hw rebeccamills$ 
