Last login: Mon Dec  8 18:07:05 on ttys001
rebeccamills@Rebeccas-MacBook-Pro ~ $ git pull wdidc4
fatal: Not a git repository (or any of the parent directories): .git
rebeccamills@Rebeccas-MacBook-Pro ~ $ git pull
fatal: Not a git repository (or any of the parent directories): .git
rebeccamills@Rebeccas-MacBook-Pro ~ $ cd sites
rebeccamills@Rebeccas-MacBook-Pro sites $ cd wdidc4
rebeccamills@Rebeccas-MacBook-Pro wdidc4 $ git pull wdidc4
fatal: 'wdidc4' does not appear to be a git repository
fatal: Could not read from remote repository.

Please make sure you have the correct access rights
and the repository exists.
rebeccamills@Rebeccas-MacBook-Pro wdidc4 $ cd w04
rebeccamills@Rebeccas-MacBook-Pro w04 $ cd d02
rebeccamills@Rebeccas-MacBook-Pro d02 $ git pull d02
fatal: 'd02' does not appear to be a git repository
fatal: Could not read from remote repository.

Please make sure you have the correct access rights
and the repository exists.
rebeccamills@Rebeccas-MacBook-Pro d02 $ git status
On branch master
Your branch is ahead of 'origin/master' by 6 commits.
  (use "git push" to publish your local commits)
Changes not staged for commit:
  (use "git add/rm <file>..." to update what will be committed)
  (use "git checkout -- <file>..." to discard changes in working directory)

	modified:   ../../w02/d01/morning-objects/cookie_cutter.rb
	modified:   ../../w02/d01/morning-objects/shopping_list.rb
	modified:   ../../w02/d02/shopping_list/shopping_list_main.rb
	deleted:    ../d01/afternoon_forms/bucket_list/app.rb
	deleted:    ../d01/afternoon_forms/bucket_list/public/css/styles.css
	deleted:    ../d01/afternoon_forms/bucket_list/readme.md
	deleted:    ../d01/afternoon_forms/bucket_list/schema.sql

Untracked files:
  (use "git add <file>..." to include in what will be committed)

	../../w03/d04/app.rb
	./

no changes added to commit (use "git add" and/or "git commit -a")
rebeccamills@Rebeccas-MacBook-Pro d02 $ git pull .
From .
 * branch            HEAD       -> FETCH_HEAD
Already up-to-date.
rebeccamills@Rebeccas-MacBook-Pro d02 $ git pull origin d02
fatal: Couldn't find remote ref d02
rebeccamills@Rebeccas-MacBook-Pro d02 $ git pull origin w04
fatal: Couldn't find remote ref w04
rebeccamills@Rebeccas-MacBook-Pro d02 $ git pull 
remote: Counting objects: 83, done.
remote: Compressing objects: 100% (70/70), done.
remote: Total 83 (delta 6), reused 80 (delta 3)
Unpacking objects: 100% (83/83), done.
From github.com:ga-students/wdidc4
   6fc933a..85bc617  master     -> origin/master
error: There was a problem with the editor 'vi'.
Not committing merge; use 'git commit' to complete the merge.
rebeccamills@Rebeccas-MacBook-Pro d02 $ ls
01-morning-css		shapes
02-afternoon-css	warmup
rebeccamills@Rebeccas-MacBook-Pro d02 $ cd 01-morning-css
rebeccamills@Rebeccas-MacBook-Pro 01-morning-css $ ls
01-wendy-bite	02-dew
rebeccamills@Rebeccas-MacBook-Pro 01-morning-css $ cd 01-wendy-bite
rebeccamills@Rebeccas-MacBook-Pro 01-wendy-bite $ ls
starter
rebeccamills@Rebeccas-MacBook-Pro 01-wendy-bite $ cd starter
rebeccamills@Rebeccas-MacBook-Pro starter $ ls
Betty-White.jpg		WendyBite_Resume.png
WendyBite_AboutMe.png	Wendy_Bite.txt
rebeccamills@Rebeccas-MacBook-Pro starter $ subl .
rebeccamills@Rebeccas-MacBook-Pro starter $ 
