Last login: Mon Dec  8 18:07:05 on ttys001
rebeccamills@Rebeccas-MacBook-Pro ~ $ git pull wdidc4
fatal: Not a git repository (or any of the parent directories): .git
rebeccamills@Rebeccas-MacBook-Pro ~ $ git pull
fatal: Not a git repository (or any of the parent directories): .git
rebeccamills@Rebeccas-MacBook-Pro ~ $ cd sites
rebeccamills@Rebeccas-MacBook-Pro sites $ cd wdidc4
rebeccamills@Rebeccas-MacBook-Pro wdidc4 $ git pull wdidc4
fatal: 'wdidc4' does not appear to be a git repository
fatal: Could not read from remote repository.

Please make sure you have the correct access rights
and the repository exists.
rebeccamills@Rebeccas-MacBook-Pro wdidc4 $ cd w04
rebeccamills@Rebeccas-MacBook-Pro w04 $ cd d02
rebeccamills@Rebeccas-MacBook-Pro d02 $ git pull d02
fatal: 'd02' does not appear to be a git repository
fatal: Could not read from remote repository.

Please make sure you have the correct access rights
and the repository exists.
rebeccamills@Rebeccas-MacBook-Pro d02 $ git status
On branch master
Your branch is ahead of 'origin/master' by 6 commits.
  (use "git push" to publish your local commits)
Changes not staged for commit:
  (use "git add/rm <file>..." to update what will be committed)
  (use "git checkout -- <file>..." to discard changes in working directory)

	modified:   ../../w02/d01/morning-objects/cookie_cutter.rb
	modified:   ../../w02/d01/morning-objects/shopping_list.rb
	modified:   ../../w02/d02/shopping_list/shopping_list_main.rb
	deleted:    ../d01/afternoon_forms/bucket_list/app.rb
	deleted:    ../d01/afternoon_forms/bucket_list/public/css/styles.css
	deleted:    ../d01/afternoon_forms/bucket_list/readme.md
	deleted:    ../d01/afternoon_forms/bucket_list/schema.sql

Untracked files:
  (use "git add <file>..." to include in what will be committed)

	../../w03/d04/app.rb
	./

no changes added to commit (use "git add" and/or "git commit -a")
rebeccamills@Rebeccas-MacBook-Pro d02 $ git pull .
From .
 * branch            HEAD       -> FETCH_HEAD
Already up-to-date.
rebeccamills@Rebeccas-MacBook-Pro d02 $ git pull origin d02
fatal: Couldn't find remote ref d02
rebeccamills@Rebeccas-MacBook-Pro d02 $ git pull origin w04
fatal: Couldn't find remote ref w04
rebeccamills@Rebeccas-MacBook-Pro d02 $ git pull 
remote: Counting objects: 83, done.
remote: Compressing objects: 100% (70/70), done.
remote: Total 83 (delta 6), reused 80 (delta 3)
Unpacking objects: 100% (83/83), done.
From github.com:ga-students/wdidc4
   6fc933a..85bc617  master     -> origin/master
error: There was a problem with the editor 'vi'.
Not committing merge; use 'git commit' to complete the merge.
rebeccamills@Rebeccas-MacBook-Pro d02 $ ls
01-morning-css		shapes
02-afternoon-css	warmup
rebeccamills@Rebeccas-MacBook-Pro d02 $ cd 01-morning-css
rebeccamills@Rebeccas-MacBook-Pro 01-morning-css $ ls
01-wendy-bite	02-dew
rebeccamills@Rebeccas-MacBook-Pro 01-morning-css $ cd 01-wendy-bite
rebeccamills@Rebeccas-MacBook-Pro 01-wendy-bite $ ls
starter
rebeccamills@Rebeccas-MacBook-Pro 01-wendy-bite $ cd starter
rebeccamills@Rebeccas-MacBook-Pro starter $ ls
Betty-White.jpg		WendyBite_Resume.png
WendyBite_AboutMe.png	Wendy_Bite.txt
rebeccamills@Rebeccas-MacBook-Pro starter $ subl .
rebeccamills@Rebeccas-MacBook-Pro starter $ ls
Betty-White.jpg		Wendy_Bite.txt		wendygbite.html
WendyBite_AboutMe.png	css
WendyBite_Resume.png	untitled folder
rebeccamills@Rebeccas-MacBook-Pro starter $ cd ..
rebeccamills@Rebeccas-MacBook-Pro 01-wendy-bite $ cd ..
rebeccamills@Rebeccas-MacBook-Pro 01-morning-css $ ls
01-wendy-bite	02-dew
rebeccamills@Rebeccas-MacBook-Pro 01-morning-css $ cd 02-dew
rebeccamills@Rebeccas-MacBook-Pro 02-dew $ ls
index.html	me.jpg		mockup.png	normalize.css
rebeccamills@Rebeccas-MacBook-Pro 02-dew $ subl .
rebeccamills@Rebeccas-MacBook-Pro 02-dew $ cd d02
-bash: cd: d02: No such file or directory
rebeccamills@Rebeccas-MacBook-Pro 02-dew $ ls
index.html	me.jpg		mockup.png	normalize.css	styles.css
rebeccamills@Rebeccas-MacBook-Pro 02-dew $ cd ..
rebeccamills@Rebeccas-MacBook-Pro 01-morning-css $ cd ..
rebeccamills@Rebeccas-MacBook-Pro d02 $ ls
01-morning-css		shapes			wendygbite copy.html
02-afternoon-css	warmup
rebeccamills@Rebeccas-MacBook-Pro d02 $ cd 02-afternoon-css
rebeccamills@Rebeccas-MacBook-Pro 02-afternoon-css $ ls
01-operation	02-floats	03-fashion-blog	04-ecardly
rebeccamills@Rebeccas-MacBook-Pro 02-afternoon-css $ cd 01-operation
rebeccamills@Rebeccas-MacBook-Pro 01-operation $ git pull
You have not concluded your merge (MERGE_HEAD exists).
Please, commit your changes before you can merge.
rebeccamills@Rebeccas-MacBook-Pro 01-operation $ git pull .
You have not concluded your merge (MERGE_HEAD exists).
Please, commit your changes before you can merge.
rebeccamills@Rebeccas-MacBook-Pro 01-operation $ git pull origin w04
You have not concluded your merge (MERGE_HEAD exists).
Please, commit your changes before you can merge.
rebeccamills@Rebeccas-MacBook-Pro 01-operation $ git add .
rebeccamills@Rebeccas-MacBook-Pro 01-operation $ git pull origin w04
You have not concluded your merge (MERGE_HEAD exists).
Please, commit your changes before you can merge.
rebeccamills@Rebeccas-MacBook-Pro 01-operation $ git status
On branch master
Your branch and 'origin/master' have diverged,
and have 6 and 5 different commits each, respectively.
  (use "git pull" to merge the remote branch into yours)
All conflicts fixed but you are still merging.
  (use "git commit" to conclude merge)

Changes to be committed:

	new file:   ../../../d01/afternoon_forms/tender/app.rb
	new file:   ../../../d01/afternoon_forms/tender/public/styles.css
	new file:   ../../../d01/afternoon_forms/tender/schema.sql
	new file:   ../../../d01/afternoon_forms/tender/views/index.erb
	new file:   ../../../d01/afternoon_forms/tender/views/layout.erb
	new file:   ../../../d01/afternoon_forms/tender/views/new_prospect.erb
	new file:   ../../01-morning-css/01-wendy-bite/starter/Betty-White.jpg
	new file:   ../../01-morning-css/01-wendy-bite/starter/WendyBite_AboutMe.png
	new file:   ../../01-morning-css/01-wendy-bite/starter/WendyBite_Resume.png
	new file:   ../../01-morning-css/01-wendy-bite/starter/Wendy_Bite.txt
	new file:   ../../01-morning-css/02-dew/index.html
	new file:   ../../01-morning-css/02-dew/me.jpg
	new file:   ../../01-morning-css/02-dew/mockup.png
	new file:   ../../01-morning-css/02-dew/normalize.css
	new file:   css/operation.css
	new file:   images/breadbasket.png
	new file:   images/butterflies.png
	new file:   images/heart.png
	new file:   images/operation.png
	new file:   images/wishbone.png
	new file:   index.html
	new file:   ../02-floats/index.html
	new file:   ../02-floats/styles.css
	new file:   ../03-fashion-blog/fashion_blog.png
	new file:   ../04-ecardly/starter/css/normalize.css
	new file:   ../04-ecardly/starter/css/style.css
	new file:   ../04-ecardly/starter/images/ad-cut-and-paste.gif
	new file:   ../04-ecardly/starter/images/ad-postcard-tee.png
	new file:   ../04-ecardly/starter/images/ad-submit-your-own.png
	new file:   ../04-ecardly/starter/images/background.jpg
	new file:   ../04-ecardly/starter/images/ecard-courage.jpg
	new file:   ../04-ecardly/starter/images/ecard-nycstartups.jpg
	new file:   ../04-ecardly/starter/images/logo.png
	new file:   ../04-ecardly/starter/images/social-icon-facebook.png
	new file:   ../04-ecardly/starter/images/social-icon-pinterest.png
	new file:   ../04-ecardly/starter/images/social-icon-twitter.png
	new file:   ../04-ecardly/starter/index.html
	new file:   ../04-ecardly/starter/readme.md
	new file:   ../04-ecardly/starter/screenshot-final.png
	new file:   ../../warmup/.rspec
	new file:   ../../warmup/lib/water_bottle.rb
	new file:   ../../warmup/shape_maker.md
	new file:   ../../warmup/spec/spec_helper.rb
	new file:   ../../warmup/spec/water_bottle_spec.rb
	new file:   ../../warmup/water_bottle.md

Changes not staged for commit:
  (use "git add/rm <file>..." to update what will be committed)
  (use "git checkout -- <file>..." to discard changes in working directory)

	modified:   ../../../../w02/d01/morning-objects/cookie_cutter.rb
	modified:   ../../../../w02/d01/morning-objects/shopping_list.rb
	modified:   ../../../../w02/d02/shopping_list/shopping_list_main.rb
	deleted:    ../../../d01/afternoon_forms/bucket_list/app.rb
	deleted:    ../../../d01/afternoon_forms/bucket_list/public/css/styles.css
	deleted:    ../../../d01/afternoon_forms/bucket_list/readme.md
	deleted:    ../../../d01/afternoon_forms/bucket_list/schema.sql
	modified:   ../../01-morning-css/01-wendy-bite/starter/Wendy_Bite.txt
	modified:   ../../01-morning-css/02-dew/index.html
	modified:   ../../01-morning-css/02-dew/normalize.css

Untracked files:
  (use "git add <file>..." to include in what will be committed)

	../../../../w03/d04/app.rb
	../../01-morning-css/01-wendy-bite/starter/css/
	../../01-morning-css/01-wendy-bite/starter/wendygbite.html
	../../01-morning-css/02-dew/styles.css
	../../shapes/
	../../wendygbite copy.html

rebeccamills@Rebeccas-MacBook-Pro 01-operation $ git pull d02
You have not concluded your merge (MERGE_HEAD exists).
Please, commit your changes before you can merge.
rebeccamills@Rebeccas-MacBook-Pro 01-operation $ git status
On branch master
Your branch and 'origin/master' have diverged,
and have 6 and 5 different commits each, respectively.
  (use "git pull" to merge the remote branch into yours)
All conflicts fixed but you are still merging.
  (use "git commit" to conclude merge)

Changes to be committed:

	new file:   ../../../d01/afternoon_forms/tender/app.rb
	new file:   ../../../d01/afternoon_forms/tender/public/styles.css
	new file:   ../../../d01/afternoon_forms/tender/schema.sql
	new file:   ../../../d01/afternoon_forms/tender/views/index.erb
	new file:   ../../../d01/afternoon_forms/tender/views/layout.erb
	new file:   ../../../d01/afternoon_forms/tender/views/new_prospect.erb
	new file:   ../../01-morning-css/01-wendy-bite/starter/Betty-White.jpg
	new file:   ../../01-morning-css/01-wendy-bite/starter/WendyBite_AboutMe.png
	new file:   ../../01-morning-css/01-wendy-bite/starter/WendyBite_Resume.png
	new file:   ../../01-morning-css/01-wendy-bite/starter/Wendy_Bite.txt
	new file:   ../../01-morning-css/02-dew/index.html
	new file:   ../../01-morning-css/02-dew/me.jpg
	new file:   ../../01-morning-css/02-dew/mockup.png
	new file:   ../../01-morning-css/02-dew/normalize.css
	new file:   css/operation.css
	new file:   images/breadbasket.png
	new file:   images/butterflies.png
	new file:   images/heart.png
	new file:   images/operation.png
	new file:   images/wishbone.png
	new file:   index.html
	new file:   ../02-floats/index.html
	new file:   ../02-floats/styles.css
	new file:   ../03-fashion-blog/fashion_blog.png
	new file:   ../04-ecardly/starter/css/normalize.css
	new file:   ../04-ecardly/starter/css/style.css
	new file:   ../04-ecardly/starter/images/ad-cut-and-paste.gif
	new file:   ../04-ecardly/starter/images/ad-postcard-tee.png
	new file:   ../04-ecardly/starter/images/ad-submit-your-own.png
	new file:   ../04-ecardly/starter/images/background.jpg
	new file:   ../04-ecardly/starter/images/ecard-courage.jpg
	new file:   ../04-ecardly/starter/images/ecard-nycstartups.jpg
	new file:   ../04-ecardly/starter/images/logo.png
	new file:   ../04-ecardly/starter/images/social-icon-facebook.png
	new file:   ../04-ecardly/starter/images/social-icon-pinterest.png
	new file:   ../04-ecardly/starter/images/social-icon-twitter.png
	new file:   ../04-ecardly/starter/index.html
	new file:   ../04-ecardly/starter/readme.md
	new file:   ../04-ecardly/starter/screenshot-final.png
	new file:   ../../warmup/.rspec
	new file:   ../../warmup/lib/water_bottle.rb
	new file:   ../../warmup/shape_maker.md
	new file:   ../../warmup/spec/spec_helper.rb
	new file:   ../../warmup/spec/water_bottle_spec.rb
	new file:   ../../warmup/water_bottle.md

Changes not staged for commit:
  (use "git add/rm <file>..." to update what will be committed)
  (use "git checkout -- <file>..." to discard changes in working directory)

	modified:   ../../../../w02/d01/morning-objects/cookie_cutter.rb
	modified:   ../../../../w02/d01/morning-objects/shopping_list.rb
	modified:   ../../../../w02/d02/shopping_list/shopping_list_main.rb
	deleted:    ../../../d01/afternoon_forms/bucket_list/app.rb
	deleted:    ../../../d01/afternoon_forms/bucket_list/public/css/styles.css
	deleted:    ../../../d01/afternoon_forms/bucket_list/readme.md
	deleted:    ../../../d01/afternoon_forms/bucket_list/schema.sql
	modified:   ../../01-morning-css/01-wendy-bite/starter/Wendy_Bite.txt
	modified:   ../../01-morning-css/02-dew/index.html
	modified:   ../../01-morning-css/02-dew/normalize.css

Untracked files:
  (use "git add <file>..." to include in what will be committed)

	../../../../w03/d04/app.rb
	../../01-morning-css/01-wendy-bite/starter/css/
	../../01-morning-css/01-wendy-bite/starter/wendygbite.html
	../../01-morning-css/02-dew/styles.css
	../../shapes/
	../../wendygbite copy.html

rebeccamills@Rebeccas-MacBook-Pro 01-operation $ git pull .
You have not concluded your merge (MERGE_HEAD exists).
Please, commit your changes before you can merge.
rebeccamills@Rebeccas-MacBook-Pro 01-operation $ git commit
error: There was a problem with the editor 'vi'.
Please supply the message using either -m or -F option.
rebeccamills@Rebeccas-MacBook-Pro 01-operation $ git pull origin w04
You have not concluded your merge (MERGE_HEAD exists).
Please, commit your changes before you can merge.
rebeccamills@Rebeccas-MacBook-Pro 01-operation $ git pull origin master
You have not concluded your merge (MERGE_HEAD exists).
Please, commit your changes before you can merge.
rebeccamills@Rebeccas-MacBook-Pro 01-operation $ git commit -m "Pulling operation"
[master f45e26d] Pulling operation
rebeccamills@Rebeccas-MacBook-Pro 01-operation $ git status
On branch master
Your branch is ahead of 'origin/master' by 7 commits.
  (use "git push" to publish your local commits)
Changes not staged for commit:
  (use "git add/rm <file>..." to update what will be committed)
  (use "git checkout -- <file>..." to discard changes in working directory)

	modified:   ../../../../w02/d01/morning-objects/cookie_cutter.rb
	modified:   ../../../../w02/d01/morning-objects/shopping_list.rb
	modified:   ../../../../w02/d02/shopping_list/shopping_list_main.rb
	deleted:    ../../../d01/afternoon_forms/bucket_list/app.rb
	deleted:    ../../../d01/afternoon_forms/bucket_list/public/css/styles.css
	deleted:    ../../../d01/afternoon_forms/bucket_list/readme.md
	deleted:    ../../../d01/afternoon_forms/bucket_list/schema.sql
	modified:   ../../01-morning-css/01-wendy-bite/starter/Wendy_Bite.txt
	modified:   ../../01-morning-css/02-dew/index.html
	modified:   ../../01-morning-css/02-dew/normalize.css

Untracked files:
  (use "git add <file>..." to include in what will be committed)

	../../../../w03/d04/app.rb
	../../01-morning-css/01-wendy-bite/starter/css/
	../../01-morning-css/01-wendy-bite/starter/wendygbite.html
	../../01-morning-css/02-dew/styles.css
	../../shapes/
	../../wendygbite copy.html

no changes added to commit (use "git add" and/or "git commit -a")
rebeccamills@Rebeccas-MacBook-Pro 01-operation $ git add .
rebeccamills@Rebeccas-MacBook-Pro 01-operation $ git commit -a
error: There was a problem with the editor 'vi'.
Please supply the message using either -m or -F option.
rebeccamills@Rebeccas-MacBook-Pro 01-operation $ ls
css		images		index.html
rebeccamills@Rebeccas-MacBook-Pro 01-operation $ subl .
rebeccamills@Rebeccas-MacBook-Pro 01-operation $ 
