Last login: Sun Dec  7 16:20:43 on ttys010
rebeccamills@Rebeccas-MBP ~ $ cd sites
rebeccamills@Rebeccas-MBP sites $ ls
air_conditioning.rb		scratch.rb
conditionals.rb			searching_for_obi_wan.rb
haiku				views
location.rb			wdidc4
logic.rb			wdidc4-hw
pyramid.rb
rebeccamills@Rebeccas-MBP sites $ cd wdidc4-hw
rebeccamills@Rebeccas-MBP wdidc4-hw $ ls
assignments		pair-programming-bot	students
emergency_compliment	readme.md
rebeccamills@Rebeccas-MBP wdidc4-hw $ cd students
rebeccamills@Rebeccas-MBP students $ cd rebecca
rebeccamills@Rebeccas-MBP rebecca $ ls
w01	w03	w05	w07	w09	w11
w02	w04	w06	w08	w10	w12
rebeccamills@Rebeccas-MBP rebecca $ cd w03
rebeccamills@Rebeccas-MBP w03 $ cd d05
rebeccamills@Rebeccas-MBP d05 $ ls
calculator
rebeccamills@Rebeccas-MBP d05 $ git status
On branch w03
Untracked files:
  (use "git add <file>..." to include in what will be committed)

	../../../../assignments/w01/d05/high_card.rb
	../../../../assignments/w02/d02/self_and_sort.rb
	../../../../pair-programming-bot/
	../../w02/d01/homework.rb
	../../w02/d03/potter.rb
	calculator/

nothing added to commit but untracked files present (use "git add" to track)
rebeccamills@Rebeccas-MBP d05 $ git init
Initialized empty Git repository in /Users/rebeccamills/Sites/wdidc4-hw/students/rebecca/w03/d05/.git/
rebeccamills@Rebeccas-MBP d05 $ git status
On branch master

Initial commit

Untracked files:
  (use "git add <file>..." to include in what will be committed)

	.DS_Store
	.keep
	calculator/

nothing added to commit but untracked files present (use "git add" to track)
rebeccamills@Rebeccas-MBP d05 $ git add .
rebeccamills@Rebeccas-MBP d05 $ git status
On branch master

Initial commit

Changes to be committed:
  (use "git rm --cached <file>..." to unstage)

	new file:   .DS_Store
	new file:   .keep
	new file:   calculator/.DS_Store
	new file:   calculator/app.rb
	new file:   calculator/schema.sql
	new file:   calculator/views/.DS_Store
	new file:   calculator/views/addition.erb
	new file:   calculator/views/calculator.erb
	new file:   calculator/views/layout.erb
	new file:   calculator/views/welcome.erb

rebeccamills@Rebeccas-MBP d05 $ git commit -m "hw w03d05"
[master (root-commit) b5aed3b] hw w03d05
 10 files changed, 91 insertions(+)
 create mode 100644 .DS_Store
 create mode 100644 .keep
 create mode 100644 calculator/.DS_Store
 create mode 100644 calculator/app.rb
 create mode 100644 calculator/schema.sql
 create mode 100644 calculator/views/.DS_Store
 create mode 100644 calculator/views/addition.erb
 create mode 100644 calculator/views/calculator.erb
 create mode 100644 calculator/views/layout.erb
 create mode 100644 calculator/views/welcome.erb
rebeccamills@Rebeccas-MBP d05 $ git push origin w03
error: src refspec w03 does not match any.
error: failed to push some refs to 'origin'
rebeccamills@Rebeccas-MBP d05 $ git push origin w03
error: src refspec w03 does not match any.
error: failed to push some refs to 'origin'
rebeccamills@Rebeccas-MBP d05 $ git status
On branch master
nothing to commit, working directory clean
rebeccamills@Rebeccas-MBP d05 $ cd ..
rebeccamills@Rebeccas-MBP w03 $ ls
d01	d02	d03	d04	d05
rebeccamills@Rebeccas-MBP w03 $ cd d02
rebeccamills@Rebeccas-MBP d02 $ git commit -m "Resubmitting hw w03d02"
On branch w03
Changes not staged for commit:
	deleted:    ../../../../assignments/w02/d03/potter/REST.png
	deleted:    ../../../../assignments/w03/d02/nba_stats_starter/README.md
	deleted:    ../../../../assignments/w03/d02/nba_stats_starter/data.csv
	deleted:    ../../../../assignments/w03/d02/nba_stats_starter/load_data.rb
	deleted:    ../../../../assignments/w03/d02/nba_stats_starter/players.sql
	deleted:    ../../../../assignments/w03/d02/nba_stats_starter/sql_commands.txt
	deleted:    ../../../../assignments/w03/d03/readme.md
	deleted:    ../../../../emergency_compliment/compliment.erb
	deleted:    ../../../../emergency_compliment/layout.erb
	deleted:    ../../../../emergency_compliment/server.rb

Untracked files:
	../../../../assignments/w01/d05/high_card.rb
	../../../../assignments/w02/d02/self_and_sort.rb
	../../../../pair-programming-bot/
	../../w02/d01/homework.rb
	../../w02/d03/REST.png
	../../w02/d03/potter.rb
	nba_stats_starter/
	sql_commands.txt
	../d03/readme.md
	../d04/emergency_compliment/
	../d05/calculator/

no changes added to commit
rebeccamills@Rebeccas-MBP d02 $ git status
On branch w03
Changes not staged for commit:
  (use "git add/rm <file>..." to update what will be committed)
  (use "git checkout -- <file>..." to discard changes in working directory)

	deleted:    ../../../../assignments/w02/d03/potter/REST.png
	deleted:    ../../../../assignments/w03/d02/nba_stats_starter/README.md
	deleted:    ../../../../assignments/w03/d02/nba_stats_starter/data.csv
	deleted:    ../../../../assignments/w03/d02/nba_stats_starter/load_data.rb
	deleted:    ../../../../assignments/w03/d02/nba_stats_starter/players.sql
	deleted:    ../../../../assignments/w03/d02/nba_stats_starter/sql_commands.txt
	deleted:    ../../../../assignments/w03/d03/readme.md
	deleted:    ../../../../emergency_compliment/compliment.erb
	deleted:    ../../../../emergency_compliment/layout.erb
	deleted:    ../../../../emergency_compliment/server.rb

Untracked files:
  (use "git add <file>..." to include in what will be committed)

	../../../../assignments/w01/d05/high_card.rb
	../../../../assignments/w02/d02/self_and_sort.rb
	../../../../pair-programming-bot/
	../../w02/d01/homework.rb
	../../w02/d03/REST.png
	../../w02/d03/potter.rb
	nba_stats_starter/
	sql_commands.txt
	../d03/readme.md
	../d04/emergency_compliment/
	../d05/calculator/

no changes added to commit (use "git add" and/or "git commit -a")
rebeccamills@Rebeccas-MBP d02 $ git add .
rebeccamills@Rebeccas-MBP d02 $ git status
On branch w03
Changes to be committed:
  (use "git reset HEAD <file>..." to unstage)

	new file:   nba_stats_starter/README.md
	new file:   nba_stats_starter/data.csv
	new file:   nba_stats_starter/load_data.rb
	new file:   nba_stats_starter/players.sql
	new file:   sql_commands.txt

Changes not staged for commit:
  (use "git add/rm <file>..." to update what will be committed)
  (use "git checkout -- <file>..." to discard changes in working directory)

	deleted:    ../../../../assignments/w02/d03/potter/REST.png
	deleted:    ../../../../assignments/w03/d02/nba_stats_starter/README.md
	deleted:    ../../../../assignments/w03/d02/nba_stats_starter/data.csv
	deleted:    ../../../../assignments/w03/d02/nba_stats_starter/load_data.rb
	deleted:    ../../../../assignments/w03/d02/nba_stats_starter/players.sql
	deleted:    ../../../../assignments/w03/d02/nba_stats_starter/sql_commands.txt
	deleted:    ../../../../assignments/w03/d03/readme.md
	deleted:    ../../../../emergency_compliment/compliment.erb
	deleted:    ../../../../emergency_compliment/layout.erb
	deleted:    ../../../../emergency_compliment/server.rb

Untracked files:
  (use "git add <file>..." to include in what will be committed)

	../../../../assignments/w01/d05/high_card.rb
	../../../../assignments/w02/d02/self_and_sort.rb
	../../../../pair-programming-bot/
	../../w02/d01/homework.rb
	../../w02/d03/REST.png
	../../w02/d03/potter.rb
	../d03/readme.md
	../d04/emergency_compliment/
	../d05/calculator/

rebeccamills@Rebeccas-MBP d02 $ git init
Initialized empty Git repository in /Users/rebeccamills/Sites/wdidc4-hw/students/rebecca/w03/d02/.git/
rebeccamills@Rebeccas-MBP d02 $ git status
On branch master

Initial commit

Untracked files:
  (use "git add <file>..." to include in what will be committed)

	.DS_Store
	.keep
	nba_stats_starter/
	sql_commands.txt

nothing added to commit but untracked files present (use "git add" to track)
rebeccamills@Rebeccas-MBP d02 $ git add .
rebeccamills@Rebeccas-MBP d02 $ git commit -m "Resubmitting hw w03d02"
[master (root-commit) 7530f45] Resubmitting hw w03d02
 8 files changed, 559 insertions(+)
 create mode 100644 .DS_Store
 create mode 100644 .keep
 create mode 100644 nba_stats_starter/.DS_Store
 create mode 100644 nba_stats_starter/README.md
 create mode 100644 nba_stats_starter/data.csv
 create mode 100644 nba_stats_starter/load_data.rb
 create mode 100644 nba_stats_starter/players.sql
 create mode 100644 sql_commands.txt
rebeccamills@Rebeccas-MBP d02 $ git status
On branch master
nothing to commit, working directory clean
rebeccamills@Rebeccas-MBP d02 $ git push origin w03
error: src refspec w03 does not match any.
error: failed to push some refs to 'origin'
rebeccamills@Rebeccas-MBP d02 $ git status
On branch master
nothing to commit, working directory clean
rebeccamills@Rebeccas-MBP d02 $ git add .
rebeccamills@Rebeccas-MBP d02 $ git commit -m "Resubmitting hw w03d02"
On branch master
nothing to commit, working directory clean
rebeccamills@Rebeccas-MBP d02 $ git init
Reinitialized existing Git repository in /Users/rebeccamills/Sites/wdidc4-hw/students/rebecca/w03/d02/.git/
rebeccamills@Rebeccas-MBP d02 $ git checkout w03
error: pathspec 'w03' did not match any file(s) known to git.
rebeccamills@Rebeccas-MBP d02 $ git push origin w03
error: src refspec w03 does not match any.
error: failed to push some refs to 'origin'
rebeccamills@Rebeccas-MBP d02 $ git init
Reinitialized existing Git repository in /Users/rebeccamills/Sites/wdidc4-hw/students/rebecca/w03/d02/.git/
rebeccamills@Rebeccas-MBP d02 $ git add .
rebeccamills@Rebeccas-MBP d02 $ git status
On branch master
nothing to commit, working directory clean
rebeccamills@Rebeccas-MBP d02 $ git add d02
fatal: pathspec 'd02' did not match any files
rebeccamills@Rebeccas-MBP d02 $ git add .
rebeccamills@Rebeccas-MBP d02 $ git add nba_stats_starter
rebeccamills@Rebeccas-MBP d02 $ git status
On branch master
nothing to commit, working directory clean
rebeccamills@Rebeccas-MBP d02 $ git diff
rebeccamills@Rebeccas-MBP d02 $ git add load_data.rb
fatal: pathspec 'load_data.rb' did not match any files
rebeccamills@Rebeccas-MBP d02 $ ls
nba_stats_starter	sql_commands.txt
rebeccamills@Rebeccas-MBP d02 $ cd ..
rebeccamills@Rebeccas-MBP w03 $ ls
d01	d02	d03	d04	d05
rebeccamills@Rebeccas-MBP w03 $ cd ..
rebeccamills@Rebeccas-MBP rebecca $ ls
w01	w03	w05	w07	w09	w11
w02	w04	w06	w08	w10	w12
rebeccamills@Rebeccas-MBP rebecca $ cd ..
rebeccamills@Rebeccas-MBP students $ ls
akintola	andy_l		jack		matt_l		trey
alex_b		aurora		james		min		weston
alex_r		austin		jesse		mo
alison_m	danny		kadar		rebecca
alison_t	emily		kurt		sherry
andy_k		ian		matt_c		sunggyun
rebeccamills@Rebeccas-MBP students $ cd rebecca
rebeccamills@Rebeccas-MBP rebecca $ cd cd w03
-bash: cd: cd: No such file or directory
rebeccamills@Rebeccas-MBP rebecca $ ls
w01	w03	w05	w07	w09	w11
w02	w04	w06	w08	w10	w12
rebeccamills@Rebeccas-MBP rebecca $ cd w03
rebeccamills@Rebeccas-MBP w03 $ cd d02
rebeccamills@Rebeccas-MBP d02 $ ls
nba_stats_starter	sql_commands.txt
rebeccamills@Rebeccas-MBP d02 $ git add .
rebeccamills@Rebeccas-MBP d02 $ git status
On branch master
Changes to be committed:
  (use "git reset HEAD <file>..." to unstage)

	modified:   .DS_Store

rebeccamills@Rebeccas-MBP d02 $ git init
Reinitialized existing Git repository in /Users/rebeccamills/Sites/wdidc4-hw/students/rebecca/w03/d02/.git/
rebeccamills@Rebeccas-MBP d02 $ git add nba_stats_starter
rebeccamills@Rebeccas-MBP d02 $ git status
On branch master
Changes to be committed:
  (use "git reset HEAD <file>..." to unstage)

	modified:   .DS_Store

rebeccamills@Rebeccas-MBP d02 $ 
